failed with url https://the3dprinterbee.com/wp-content/uploads/2021/05/image-18.png
failed with url https://fabbaloo.com/wp-content/uploads/2020/05/image-asset_img_5eb0c22b15e30.jpg
failed with url https://www.google.com/search?safe=off&site=&tbm=isch&source=hp&q=weak+infill+3D+print&oq=weak+infill+3D+print&gs_l=img#imgrc=P5rfBdFaD5I_VM
failed with url https://www.google.com/search?safe=off&site=&tbm=isch&source=hp&q=3D+print+weak+infill&oq=3D+print+weak+infill&gs_l=img#imgrc=J20XAQiyg2u6tM
failed with url https://www.google.com/search?safe=off&site=&tbm=isch&source=hp&q=weak+infill+error+3D+print&oq=weak+infill+error+3D+print&gs_l=img#imgrc=XL3E__kPt4XXyM
failed with url https://www.google.com/search?safe=off&site=&tbm=isch&source=hp&q=weak+infill+3D+print&oq=weak+infill+3D+print&gs_l=img#imgrc=8RSRG2PLbe9vKM
failed with url https://www.google.com/search?safe=off&site=&tbm=isch&source=hp&q=weak+infill&oq=weak+infill&gs_l=img#imgrc=hJ9FpsXConungM
failed with url https://www.google.com/search?safe=off&site=&tbm=isch&source=hp&q=3D+print+weak+infill&oq=3D+print+weak+infill&gs_l=img#imgrc=k6H8vYOaeYuUDM
failed with url https://www.google.com/search?safe=off&site=&tbm=isch&source=hp&q=weak+infill+3D+print&oq=weak+infill+3D+print&gs_l=img#imgrc=7b_--mJ0hYP1sM
failed with url https://www.google.com/search?safe=off&site=&tbm=isch&source=hp&q=3D+print+weak+infill&oq=3D+print+weak+infill&gs_l=img#imgrc=XNcnR5xhjKVqVM
failed with url https://www.google.com/search?safe=off&site=&tbm=isch&source=hp&q=weak+infill+error+3D+print&oq=weak+infill+error+3D+print&gs_l=img#imgrc=oZ_1Pmgwyd_0TM
failed with url https://www.google.com/search?safe=off&site=&tbm=isch&source=hp&q=weak+infill+3D+print&oq=weak+infill+3D+print&gs_l=img#imgrc=hIO51djaGDr8tM
failed with url https://www.google.com/search?safe=off&site=&tbm=isch&source=hp&q=weak+infill&oq=weak+infill&gs_l=img#imgrc=aqBEnnnJQPYWAM
failed with url https://www.google.com/search?safe=off&site=&tbm=isch&source=hp&q=weak+infill+error+3D+print&oq=weak+infill+error+3D+print&gs_l=img#imgrc=lLHu7Vc9zZLh8M
failed with url https://www.google.com/search?safe=off&site=&tbm=isch&source=hp&q=weak+infill+3D+print&oq=weak+infill+3D+print&gs_l=img#imgrc=ahkWTOzIuSYouM
failed with url https://www.google.com/search?safe=off&site=&tbm=isch&source=hp&q=weak+infill&oq=weak+infill&gs_l=img#imgrc=kWOUGomUVivbxM
failed with url https://www.google.com/search?safe=off&site=&tbm=isch&source=hp&q=weak+infill+error+3D+print&oq=weak+infill+error+3D+print&gs_l=img#imgrc=tKcD9bkE6zXkYM
failed with url https://www.google.com/search?safe=off&site=&tbm=isch&source=hp&q=weak+infill+error+3D+print&oq=weak+infill+error+3D+print&gs_l=img#imgrc=ahkWTOzIuSYouM
failed with url https://www.google.com/search?safe=off&site=&tbm=isch&source=hp&q=weak+infill+error+3D+print&oq=weak+infill+error+3D+print&gs_l=img#imgrc=NpSMQ3lgcbCzBM
failed with url https://www.google.com/search?safe=off&site=&tbm=isch&source=hp&q=3D+print+weak+infill&oq=3D+print+weak+infill&gs_l=img#imgrc=gyO41R4YC5QveM
failed with url https://www.google.com/search?safe=off&site=&tbm=isch&source=hp&q=weak+infill+3D+print&oq=weak+infill+3D+print&gs_l=img#imgrc=_afc3GCJWw8b_M
failed with url https://www.google.com/search?safe=off&site=&tbm=isch&source=hp&q=weak+infill+3D+print&oq=weak+infill+3D+print&gs_l=img#imgrc=lLHu7Vc9zZLh8M
failed with url https://www.google.com/search?safe=off&site=&tbm=isch&source=hp&q=weak+infill&oq=weak+infill&gs_l=img#imgrc=5ALGTUbiFGNxzM
failed with url https://www.google.com/search?safe=off&site=&tbm=isch&source=hp&q=weak+infill+3D+print&oq=weak+infill+3D+print&gs_l=img#imgrc=WWWg7SIZ5y89vM
failed with url https://www.google.com/search?safe=off&site=&tbm=isch&source=hp&q=weak+infill+error+3D+print&oq=weak+infill+error+3D+print&gs_l=img#imgrc=OFdjpQ_IK8t-8M
failed with url https://www.google.com/search?safe=off&site=&tbm=isch&source=hp&q=3D+print+weak+infill&oq=3D+print+weak+infill&gs_l=img#imgrc=QXTycaTzjT-byM
failed with url https://www.google.com/search?safe=off&site=&tbm=isch&source=hp&q=weak+infill+error+3D+print&oq=weak+infill+error+3D+print&gs_l=img#imgrc=9q8ERK7_W7EGpM
failed with url https://www.google.com/search?safe=off&site=&tbm=isch&source=hp&q=weak+infill+3D+print&oq=weak+infill+3D+print&gs_l=img#imgrc=cnsL9o4hnk1o4M
failed with url https://www.google.com/search?safe=off&site=&tbm=isch&source=hp&q=weak+infill+error+3D+print&oq=weak+infill+error+3D+print&gs_l=img#imgrc=vxMcN0Dmk0NxgM
failed with url https://www.google.com/search?safe=off&site=&tbm=isch&source=hp&q=weak+infill+3D+print&oq=weak+infill+3D+print&gs_l=img#imgrc=SPPRXECdZXi9SM
failed with url https://www.google.com/search?safe=off&site=&tbm=isch&source=hp&q=weak+infill+3D+print&oq=weak+infill+3D+print&gs_l=img#imgrc=Wgi4361COu50eM
failed with url https://www.google.com/search?safe=off&site=&tbm=isch&source=hp&q=3D+print+weak+infill&oq=3D+print+weak+infill&gs_l=img#imgrc=5Pp3ONEMSL4LcM
failed with url https://the3dprinterbee.com/wp-content/uploads/2021/04/Infill-Infographic.png
failed with url https://www.google.com/search?safe=off&site=&tbm=isch&source=hp&q=weak+infill+3D+print&oq=weak+infill+3D+print&gs_l=img#imgrc=kVEgQFz0k0N_pM
failed with url https://www.google.com/search?safe=off&site=&tbm=isch&source=hp&q=weak+infill+3D+print&oq=weak+infill+3D+print&gs_l=img#imgrc=sStg4miQa0HTGM
failed with url https://www.google.com/search?safe=off&site=&tbm=isch&source=hp&q=3D+print+weak+infill&oq=3D+print+weak+infill&gs_l=img#imgrc=tnSi3YLUY7X0yM
failed with url https://www.google.com/search?safe=off&site=&tbm=isch&source=hp&q=weak+infill+3D+print&oq=weak+infill+3D+print&gs_l=img#imgrc=9aJCg6uTTY1QPM
failed with url https://www.google.com/search?safe=off&site=&tbm=isch&source=hp&q=weak+infill+3D+print&oq=weak+infill+3D+print&gs_l=img#imgrc=3Y32rUAWHFB2ZM
failed with url https://www.google.com/search?safe=off&site=&tbm=isch&source=hp&q=3D+print+weak+infill&oq=3D+print+weak+infill&gs_l=img#imgrc=vf-OUYUmjJw7FM
failed with url https://www.google.com/search?safe=off&site=&tbm=isch&source=hp&q=3D+print+weak+infill&oq=3D+print+weak+infill&gs_l=img#imgrc=ahkWTOzIuSYouM
failed with url https://www.google.com/search?safe=off&site=&tbm=isch&source=hp&q=weak+infill&oq=weak+infill&gs_l=img#imgrc=QqKq_cmJWUh5nM
failed with url https://www.google.com/search?safe=off&site=&tbm=isch&source=hp&q=weak+infill&oq=weak+infill&gs_l=img#imgrc=HItjZlBYuzyViM
failed with url https://www.google.com/search?safe=off&site=&tbm=isch&source=hp&q=weak+infill&oq=weak+infill&gs_l=img#imgrc=kqmR1lQzwLuW9M
failed with url https://www.google.com/search?safe=off&site=&tbm=isch&source=hp&q=weak+infill+3D+print&oq=weak+infill+3D+print&gs_l=img#imgrc=iQ8CEWyo2nI8xM
failed with url https://www.google.com/search?safe=off&site=&tbm=isch&source=hp&q=3D+print+weak+infill&oq=3D+print+weak+infill&gs_l=img#imgrc=B8B1ORl1MwhZhM
failed with url https://www.google.com/search?safe=off&site=&tbm=isch&source=hp&q=3D+print+weak+infill&oq=3D+print+weak+infill&gs_l=img#imgrc=yqRaRLuGc0NZJM
failed with url https://www.google.com/search?safe=off&site=&tbm=isch&source=hp&q=weak+infill+error+3D+print&oq=weak+infill+error+3D+print&gs_l=img#imgrc=kWOUGomUVivbxM
failed with url https://www.fabbaloo.com/wp-content/uploads/2020/05/image-asset_img_5eb0c22b15e30-1200x675.jpg
failed with url https://www.google.com/search?safe=off&site=&tbm=isch&source=hp&q=3D+print+weak+infill&oq=3D+print+weak+infill&gs_l=img#imgrc=MCAbSu4cQWiFHM
failed with url https://www.google.com/search?safe=off&site=&tbm=isch&source=hp&q=weak+infill+error+3D+print&oq=weak+infill+error+3D+print&gs_l=img#imgrc=iL18QVkY0Dl83M
failed with url https://www.google.com/search?safe=off&site=&tbm=isch&source=hp&q=weak+infill&oq=weak+infill&gs_l=img#imgrc=yw--Bj1kDllHNM
failed with url https://www.google.com/search?safe=off&site=&tbm=isch&source=hp&q=weak+infill+3D+print&oq=weak+infill+3D+print&gs_l=img#imgrc=dXD6gxrYWUjNYM
failed with url https://www.google.com/search?safe=off&site=&tbm=isch&source=hp&q=weak+infill&oq=weak+infill&gs_l=img#imgrc=yqRaRLuGc0NZJM
failed with url https://www.google.com/search?safe=off&site=&tbm=isch&source=hp&q=3D+print+weak+infill&oq=3D+print+weak+infill&gs_l=img#imgrc=EUntlhOe0qs86M
failed with url https://www.google.com/search?safe=off&site=&tbm=isch&source=hp&q=3D+print+weak+infill&oq=3D+print+weak+infill&gs_l=img#imgrc=IV3ialMOdLbljM
failed with url https://www.google.com/search?safe=off&site=&tbm=isch&source=hp&q=weak+infill&oq=weak+infill&gs_l=img#imgrc=7b_--mJ0hYP1sM
failed with url https://www.google.com/search?safe=off&site=&tbm=isch&source=hp&q=weak+infill&oq=weak+infill&gs_l=img#imgrc=c9tDydtqexKRaM
failed with url https://www.google.com/search?safe=off&site=&tbm=isch&source=hp&q=weak+infill&oq=weak+infill&gs_l=img#imgrc=TcJhA3oKdWgioM
failed with url https://www.google.com/search?safe=off&site=&tbm=isch&source=hp&q=3D+print+weak+infill&oq=3D+print+weak+infill&gs_l=img#imgrc=LR0A_bhRHLeIBM
failed with url https://www.google.com/search?safe=off&site=&tbm=isch&source=hp&q=weak+infill+error+3D+print&oq=weak+infill+error+3D+print&gs_l=img#imgrc=kplMwCWqa6CRUM
failed with url https://www.google.com/search?safe=off&site=&tbm=isch&source=hp&q=weak+infill&oq=weak+infill&gs_l=img#imgrc=So8ROoNC2V4AqM
failed with url https://www.google.com/search?safe=off&site=&tbm=isch&source=hp&q=weak+infill+3D+print&oq=weak+infill+3D+print&gs_l=img#imgrc=5Pp3ONEMSL4LcM
failed with url https://www.google.com/search?safe=off&site=&tbm=isch&source=hp&q=weak+infill+error+3D+print&oq=weak+infill+error+3D+print&gs_l=img#imgrc=fVI3z3QOH7YgJM
failed with url https://www.google.com/search?safe=off&site=&tbm=isch&source=hp&q=weak+infill&oq=weak+infill&gs_l=img#imgrc=JmRUg6fNC0rfYM
failed with url https://www.fabbaloo.com/wp-content/uploads/2020/05/image-asset_img_5eb0a9a12a6aa-1200x675.jpg
failed with url https://www.google.com/search?safe=off&site=&tbm=isch&source=hp&q=weak+infill&oq=weak+infill&gs_l=img#imgrc=e3QHx9K3lAw7CM
failed with url https://www.google.com/search?safe=off&site=&tbm=isch&source=hp&q=weak+infill&oq=weak+infill&gs_l=img#imgrc=M_00s6JaPg-aGM
failed with url https://www.google.com/search?safe=off&site=&tbm=isch&source=hp&q=weak+infill&oq=weak+infill&gs_l=img#imgrc=NKoCsfFW_7A5_M
failed with url https://www.google.com/search?safe=off&site=&tbm=isch&source=hp&q=weak+infill&oq=weak+infill&gs_l=img#imgrc=Uo7_keFR8pu_1M
failed with url https://www.google.com/search?safe=off&site=&tbm=isch&source=hp&q=3D+print+weak+infill&oq=3D+print+weak+infill&gs_l=img#imgrc=fVI3z3QOH7YgJM
failed with url https://www.google.com/search?safe=off&site=&tbm=isch&source=hp&q=weak+infill+3D+print&oq=weak+infill+3D+print&gs_l=img#imgrc=tnSi3YLUY7X0yM
failed with url https://www.google.com/search?safe=off&site=&tbm=isch&source=hp&q=weak+infill&oq=weak+infill&gs_l=img#imgrc=Nv4tJ7Vr_bNSAM
failed with url https://www.google.com/search?safe=off&site=&tbm=isch&source=hp&q=weak+infill+3D+print&oq=weak+infill+3D+print&gs_l=img#imgrc=PRnGqRc6YNeNXM
failed with url https://www.google.com/search?safe=off&site=&tbm=isch&source=hp&q=weak+infill+3D+print&oq=weak+infill+3D+print&gs_l=img#imgrc=-sK0NHIW5YPYYM
failed with url https://www.google.com/search?safe=off&site=&tbm=isch&source=hp&q=weak+infill&oq=weak+infill&gs_l=img#imgrc=RiHLto9VOQQ6xM
failed with url https://www.google.com/search?safe=off&site=&tbm=isch&source=hp&q=weak+infill+error+3D+print&oq=weak+infill+error+3D+print&gs_l=img#imgrc=7b_--mJ0hYP1sM
failed with url https://www.google.com/search?safe=off&site=&tbm=isch&source=hp&q=weak+infill+3D+print&oq=weak+infill+3D+print&gs_l=img#imgrc=ZpIeMSM0h8_dWM
failed with url https://www.google.com/search?safe=off&site=&tbm=isch&source=hp&q=weak+infill+3D+print&oq=weak+infill+3D+print&gs_l=img#imgrc=4AQ7AZ7dcYI1WM
failed with url https://www.google.com/search?safe=off&site=&tbm=isch&source=hp&q=weak+infill+error+3D+print&oq=weak+infill+error+3D+print&gs_l=img#imgrc=wN16NmDeHvzFyM
failed with url https://www.google.com/search?safe=off&site=&tbm=isch&source=hp&q=weak+infill+error+3D+print&oq=weak+infill+error+3D+print&gs_l=img#imgrc=bTqlGEC5Nki_0M
failed with url https://www.google.com/search?safe=off&site=&tbm=isch&source=hp&q=weak+infill&oq=weak+infill&gs_l=img#imgrc=KoVEEggp89uUZM
failed with url https://www.google.com/search?safe=off&site=&tbm=isch&source=hp&q=weak+infill&oq=weak+infill&gs_l=img#imgrc=uf9NynlxGfGVtM
failed with url https://www.google.com/search?safe=off&site=&tbm=isch&source=hp&q=3D+print+weak+infill&oq=3D+print+weak+infill&gs_l=img#imgrc=lBFf4CRztEdaxM
failed with url https://www.google.com/search?safe=off&site=&tbm=isch&source=hp&q=weak+infill+3D+print&oq=weak+infill+3D+print&gs_l=img#imgrc=yqRaRLuGc0NZJM
failed with url https://www.google.com/search?safe=off&site=&tbm=isch&source=hp&q=weak+infill&oq=weak+infill&gs_l=img#imgrc=e1uOfN8cn8u08M
failed with url https://www.google.com/search?safe=off&site=&tbm=isch&source=hp&q=3D+print+weak+infill&oq=3D+print+weak+infill&gs_l=img#imgrc=lLHu7Vc9zZLh8M
/Users/michael/opt/anaconda3/lib/python3.8/site-packages/PIL/Image.py:2942: UserWarning: image file could not be identified because WEBP support not installed
  warnings.warn(message)
failed with url https://www.google.com/search?safe=off&site=&tbm=isch&source=hp&q=weak+infill&oq=weak+infill&gs_l=img#imgrc=iED6VLDF3aQedM
failed with url https://www.google.com/search?safe=off&site=&tbm=isch&source=hp&q=3D+print+weak+infill&oq=3D+print+weak+infill&gs_l=img#imgrc=S0PWUrqi8gfUtM
failed with url https://www.google.com/search?safe=off&site=&tbm=isch&source=hp&q=weak+infill+3D+print&oq=weak+infill+3D+print&gs_l=img#imgrc=TRjevCdmv5MKUM
failed with url https://www.google.com/search?safe=off&site=&tbm=isch&source=hp&q=weak+infill+3D+print&oq=weak+infill+3D+print&gs_l=img#imgrc=tAA8tv34JcFRjM
failed with url https://www.google.com/search?safe=off&site=&tbm=isch&source=hp&q=weak+infill+3D+print&oq=weak+infill+3D+print&gs_l=img#imgrc=QqKq_cmJWUh5nM
failed with url https://www.google.com/search?safe=off&site=&tbm=isch&source=hp&q=3D+print+weak+infill&oq=3D+print+weak+infill&gs_l=img#imgrc=SPPRXECdZXi9SM
failed with url https://www.google.com/search?safe=off&site=&tbm=isch&source=hp&q=weak+infill&oq=weak+infill&gs_l=img#imgrc=S86AAJIJYHQ4sM
failed with url https://www.google.com/search?safe=off&site=&tbm=isch&source=hp&q=weak+infill&oq=weak+infill&gs_l=img#imgrc=VDNHfXXWO69cNM
failed with url https://www.google.com/search?safe=off&site=&tbm=isch&source=hp&q=weak+infill+error+3D+print&oq=weak+infill+error+3D+print&gs_l=img#imgrc=EqijLKCROPco4M
failed with url https://www.google.com/search?safe=off&site=&tbm=isch&source=hp&q=3D+print+weak+infill&oq=3D+print+weak+infill&gs_l=img#imgrc=4AQ7AZ7dcYI1WM
failed with url https://www.google.com/search?safe=off&site=&tbm=isch&source=hp&q=weak+infill+error+3D+print&oq=weak+infill+error+3D+print&gs_l=img#imgrc=ju1aBnK4BYWi1M
failed with url https://www.google.com/search?safe=off&site=&tbm=isch&source=hp&q=weak+infill+3D+print&oq=weak+infill+3D+print&gs_l=img#imgrc=gyO41R4YC5QveM
failed with url https://www.google.com/search?safe=off&site=&tbm=isch&source=hp&q=weak+infill+3D+print&oq=weak+infill+3D+print&gs_l=img#imgrc=VDNHfXXWO69cNM
failed with url https://www.google.com/search?safe=off&site=&tbm=isch&source=hp&q=weak+infill+error+3D+print&oq=weak+infill+error+3D+print&gs_l=img#imgrc=e3QHx9K3lAw7CM
failed with url https://www.google.com/search?safe=off&site=&tbm=isch&source=hp&q=3D+print+weak+infill&oq=3D+print+weak+infill&gs_l=img#imgrc=ABnU23nxoaYNlM
failed with url https://www.google.com/search?safe=off&site=&tbm=isch&source=hp&q=weak+infill&oq=weak+infill&gs_l=img#imgrc=3Y32rUAWHFB2ZM
failed with url https://www.google.com/search?safe=off&site=&tbm=isch&source=hp&q=3D+print+weak+infill&oq=3D+print+weak+infill&gs_l=img#imgrc=NpSMQ3lgcbCzBM
failed with url https://www.google.com/search?safe=off&site=&tbm=isch&source=hp&q=weak+infill+3D+print&oq=weak+infill+3D+print&gs_l=img#imgrc=dBoEv0AxX9luTM
failed with url https://www.google.com/search?safe=off&site=&tbm=isch&source=hp&q=3D+print+weak+infill&oq=3D+print+weak+infill&gs_l=img#imgrc=b8EoUZGze3usWM
failed with url https://www.google.com/search?safe=off&site=&tbm=isch&source=hp&q=weak+infill&oq=weak+infill&gs_l=img#imgrc=my2bowVcT3xLrM
failed with url https://www.google.com/search?safe=off&site=&tbm=isch&source=hp&q=weak+infill&oq=weak+infill&gs_l=img#imgrc=8u4wGJa4gGXVKM
failed with url https://www.google.com/search?safe=off&site=&tbm=isch&source=hp&q=weak+infill&oq=weak+infill&gs_l=img#imgrc=TXsVwoCUoxp6NM
failed with url https://www.google.com/search?safe=off&site=&tbm=isch&source=hp&q=weak+infill+3D+print&oq=weak+infill+3D+print&gs_l=img#imgrc=5ALGTUbiFGNxzM
failed with url https://www.google.com/search?safe=off&site=&tbm=isch&source=hp&q=weak+infill+error+3D+print&oq=weak+infill+error+3D+print&gs_l=img#imgrc=dXD6gxrYWUjNYM
failed with url https://www.google.com/search?safe=off&site=&tbm=isch&source=hp&q=weak+infill&oq=weak+infill&gs_l=img#imgrc=3QfIEK4FrTAXIM
failed with url https://www.google.com/search?safe=off&site=&tbm=isch&source=hp&q=3D+print+weak+infill&oq=3D+print+weak+infill&gs_l=img#imgrc=e3QHx9K3lAw7CM
failed with url https://www.google.com/search?safe=off&site=&tbm=isch&source=hp&q=weak+infill+3D+print&oq=weak+infill+3D+print&gs_l=img#imgrc=B8B1ORl1MwhZhM
failed with url https://www.google.com/search?safe=off&site=&tbm=isch&source=hp&q=weak+infill&oq=weak+infill&gs_l=img#imgrc=GlzEXp7n0QCQ5M
failed with url https://www.google.com/search?safe=off&site=&tbm=isch&source=hp&q=3D+print+weak+infill&oq=3D+print+weak+infill&gs_l=img#imgrc=pPX6-_cgtLMcnM
failed with url https://www.google.com/search?safe=off&site=&tbm=isch&source=hp&q=weak+infill+error+3D+print&oq=weak+infill+error+3D+print&gs_l=img#imgrc=P082UtlpsEphPM
failed with url https://www.google.com/search?safe=off&site=&tbm=isch&source=hp&q=weak+infill+3D+print&oq=weak+infill+3D+print&gs_l=img#imgrc=e3QHx9K3lAw7CM
failed with url https://www.google.com/search?safe=off&site=&tbm=isch&source=hp&q=3D+print+weak+infill&oq=3D+print+weak+infill&gs_l=img#imgrc=Epm9ZDxPyolYOM
failed with url https://www.google.com/search?safe=off&site=&tbm=isch&source=hp&q=3D+print+weak+infill&oq=3D+print+weak+infill&gs_l=img#imgrc=TRjevCdmv5MKUM
failed with url https://www.google.com/search?safe=off&site=&tbm=isch&source=hp&q=weak+infill&oq=weak+infill&gs_l=img#imgrc=pzDhOUZDg-SCrM
failed with url https://www.google.com/search?safe=off&site=&tbm=isch&source=hp&q=weak+infill+3D+print&oq=weak+infill+3D+print&gs_l=img#imgrc=35JNDw86hPEYVM
failed with url https://www.google.com/search?safe=off&site=&tbm=isch&source=hp&q=weak+infill+3D+print&oq=weak+infill+3D+print&gs_l=img#imgrc=RplrtYEIk1w-eM
failed with url https://the3dprinterbee.com/wp-content/uploads/2021/05/image-20.png
failed with url https://www.google.com/search?safe=off&site=&tbm=isch&source=hp&q=3D+print+weak+infill&oq=3D+print+weak+infill&gs_l=img#imgrc=VUprgjFLs4O9AM
failed with url https://www.google.com/search?safe=off&site=&tbm=isch&source=hp&q=weak+infill+3D+print&oq=weak+infill+3D+print&gs_l=img#imgrc=pPX6-_cgtLMcnM
failed with url https://www.google.com/search?safe=off&site=&tbm=isch&source=hp&q=3D+print+weak+infill&oq=3D+print+weak+infill&gs_l=img#imgrc=DcgG-SrQh4GnYM
failed with url https://www.google.com/search?safe=off&site=&tbm=isch&source=hp&q=weak+infill&oq=weak+infill&gs_l=img#imgrc=ABnU23nxoaYNlM
failed with url https://www.google.com/search?safe=off&site=&tbm=isch&source=hp&q=weak+infill+error+3D+print&oq=weak+infill+error+3D+print&gs_l=img#imgrc=lBFf4CRztEdaxM
failed with url https://www.google.com/search?safe=off&site=&tbm=isch&source=hp&q=weak+infill&oq=weak+infill&gs_l=img#imgrc=k6H8vYOaeYuUDM
failed with url https://www.google.com/search?safe=off&site=&tbm=isch&source=hp&q=weak+infill+3D+print&oq=weak+infill+3D+print&gs_l=img#imgrc=k6H8vYOaeYuUDM
failed with url https://www.google.com/search?safe=off&site=&tbm=isch&source=hp&q=weak+infill&oq=weak+infill&gs_l=img#imgrc=Xy0Nd1qrgjCLwM
failed with url https://www.google.com/search?safe=off&site=&tbm=isch&source=hp&q=weak+infill&oq=weak+infill&gs_l=img#imgrc=1zmjS6H6BGXQ7M
failed with url https://www.google.com/search?safe=off&site=&tbm=isch&source=hp&q=weak+infill+error+3D+print&oq=weak+infill+error+3D+print&gs_l=img#imgrc=8RSRG2PLbe9vKM
failed with url https://www.google.com/search?safe=off&site=&tbm=isch&source=hp&q=weak+infill+3D+print&oq=weak+infill+3D+print&gs_l=img#imgrc=NpSMQ3lgcbCzBM
failed with url https://www.google.com/search?safe=off&site=&tbm=isch&source=hp&q=weak+infill+3D+print&oq=weak+infill+3D+print&gs_l=img#imgrc=b8EoUZGze3usWM
failed with url https://www.google.com/search?safe=off&site=&tbm=isch&source=hp&q=weak+infill+error+3D+print&oq=weak+infill+error+3D+print&gs_l=img#imgrc=DcgG-SrQh4GnYM
failed with url https://www.google.com/search?safe=off&site=&tbm=isch&source=hp&q=weak+infill+error+3D+print&oq=weak+infill+error+3D+print&gs_l=img#imgrc=0e_DbdiNs2B4bM
failed with url https://www.google.com/search?safe=off&site=&tbm=isch&source=hp&q=weak+infill&oq=weak+infill&gs_l=img#imgrc=wJRfPi4FxVl19M
failed with url https://www.google.com/search?safe=off&site=&tbm=isch&source=hp&q=weak+infill&oq=weak+infill&gs_l=img#imgrc=Kj8uGvMbmhVsKM
failed with url https://www.google.com/search?safe=off&site=&tbm=isch&source=hp&q=weak+infill+3D+print&oq=weak+infill+3D+print&gs_l=img#imgrc=wJRfPi4FxVl19M
failed with url https://www.google.com/search?safe=off&site=&tbm=isch&source=hp&q=weak+infill+error+3D+print&oq=weak+infill+error+3D+print&gs_l=img#imgrc=tnSi3YLUY7X0yM
failed with url https://www.google.com/search?safe=off&site=&tbm=isch&source=hp&q=weak+infill&oq=weak+infill&gs_l=img#imgrc=m8Ys3skcBVh6XM
failed with url https://www.google.com/search?safe=off&site=&tbm=isch&source=hp&q=3D+print+weak+infill&oq=3D+print+weak+infill&gs_l=img#imgrc=7b_--mJ0hYP1sM
failed with url https://www.google.com/search?safe=off&site=&tbm=isch&source=hp&q=weak+infill&oq=weak+infill&gs_l=img#imgrc=lo_OBnV5jDmgyM
failed with url https://www.google.com/search?safe=off&site=&tbm=isch&source=hp&q=weak+infill&oq=weak+infill&gs_l=img#imgrc=S0PWUrqi8gfUtM
failed with url https://www.google.com/search?safe=off&site=&tbm=isch&source=hp&q=weak+infill&oq=weak+infill&gs_l=img#imgrc=b8EoUZGze3usWM
failed with url https://www.google.com/search?safe=off&site=&tbm=isch&source=hp&q=weak+infill+3D+print&oq=weak+infill+3D+print&gs_l=img#imgrc=Jg_zv030kI8JyM
failed with url https://www.google.com/search?safe=off&site=&tbm=isch&source=hp&q=weak+infill+error+3D+print&oq=weak+infill+error+3D+print&gs_l=img#imgrc=sStg4miQa0HTGM
failed with url https://www.google.com/search?safe=off&site=&tbm=isch&source=hp&q=weak+infill+error+3D+print&oq=weak+infill+error+3D+print&gs_l=img#imgrc=120cuZIqomr6lM
failed with url https://www.google.com/search?safe=off&site=&tbm=isch&source=hp&q=weak+infill&oq=weak+infill&gs_l=img#imgrc=gyO41R4YC5QveM
failed with url https://www.google.com/search?safe=off&site=&tbm=isch&source=hp&q=weak+infill+error+3D+print&oq=weak+infill+error+3D+print&gs_l=img#imgrc=ZpIeMSM0h8_dWM
failed with url https://www.google.com/search?safe=off&site=&tbm=isch&source=hp&q=3D+print+weak+infill&oq=3D+print+weak+infill&gs_l=img#imgrc=kVEgQFz0k0N_pM
failed with url https://www.google.com/search?safe=off&site=&tbm=isch&source=hp&q=weak+infill+3D+print&oq=weak+infill+3D+print&gs_l=img#imgrc=EUntlhOe0qs86M
failed with url https://www.google.com/search?safe=off&site=&tbm=isch&source=hp&q=weak+infill&oq=weak+infill&gs_l=img#imgrc=NpSMQ3lgcbCzBM
failed with url https://www.google.com/search?safe=off&site=&tbm=isch&source=hp&q=3D+print+weak+infill&oq=3D+print+weak+infill&gs_l=img#imgrc=kWOUGomUVivbxM
failed with url https://www.google.com/search?safe=off&site=&tbm=isch&source=hp&q=weak+infill+error+3D+print&oq=weak+infill+error+3D+print&gs_l=img#imgrc=tfWYCfDB39ID7M
failed with url https://www.google.com/search?safe=off&site=&tbm=isch&source=hp&q=weak+infill+error+3D+print&oq=weak+infill+error+3D+print&gs_l=img#imgrc=4AQ7AZ7dcYI1WM
failed with url https://www.google.com/search?safe=off&site=&tbm=isch&source=hp&q=weak+infill+error+3D+print&oq=weak+infill+error+3D+print&gs_l=img#imgrc=7mA6VFweBrSPnM
failed with url https://www.google.com/search?safe=off&site=&tbm=isch&source=hp&q=weak+infill&oq=weak+infill&gs_l=img#imgrc=ukcodfhu7iyFcM
failed with url https://www.google.com/search?safe=off&site=&tbm=isch&source=hp&q=weak+infill+3D+print&oq=weak+infill+3D+print&gs_l=img#imgrc=XNcnR5xhjKVqVM
failed with url https://www.google.com/search?safe=off&site=&tbm=isch&source=hp&q=3D+print+weak+infill&oq=3D+print+weak+infill&gs_l=img#imgrc=Xb_rUG6BwJEZ_M
failed with url https://www.google.com/search?safe=off&site=&tbm=isch&source=hp&q=3D+print+weak+infill&oq=3D+print+weak+infill&gs_l=img#imgrc=hIO51djaGDr8tM
failed with url https://www.google.com/search?safe=off&site=&tbm=isch&source=hp&q=weak+infill+3D+print&oq=weak+infill+3D+print&gs_l=img#imgrc=GLRJNKZR5M4SHM
/Users/michael/opt/anaconda3/lib/python3.8/site-packages/PIL/Image.py:951: UserWarning: Palette images with Transparency expressed in bytes should be converted to RGBA images
  warnings.warn(
failed with url https://www.google.com/search?safe=off&site=&tbm=isch&source=hp&q=3D+print+weak+infill&oq=3D+print+weak+infill&gs_l=img#imgrc=M_00s6JaPg-aGM
failed with url https://www.google.com/search?safe=off&site=&tbm=isch&source=hp&q=weak+infill&oq=weak+infill&gs_l=img#imgrc=XK4kkOtV_fNvmM
failed with url https://www.google.com/search?safe=off&site=&tbm=isch&source=hp&q=3D+print+weak+infill&oq=3D+print+weak+infill&gs_l=img#imgrc=GLRJNKZR5M4SHM
failed with url https://www.google.com/search?safe=off&site=&tbm=isch&source=hp&q=weak+infill+3D+print&oq=weak+infill+3D+print&gs_l=img#imgrc=J20XAQiyg2u6tM
failed with url https://www.google.com/search?safe=off&site=&tbm=isch&source=hp&q=weak+infill+error+3D+print&oq=weak+infill+error+3D+print&gs_l=img#imgrc=IV3ialMOdLbljM
failed with url https://www.google.com/search?safe=off&site=&tbm=isch&source=hp&q=weak+infill+error+3D+print&oq=weak+infill+error+3D+print&gs_l=img#imgrc=mZFIHGvvo-gYiM
failed with url https://www.google.com/search?safe=off&site=&tbm=isch&source=hp&q=weak+infill&oq=weak+infill&gs_l=img#imgrc=vLlg2b1D6iSKBM
failed with url https://www.google.com/search?safe=off&site=&tbm=isch&source=hp&q=weak+infill+error+3D+print&oq=weak+infill+error+3D+print&gs_l=img#imgrc=M_00s6JaPg-aGM
failed with url https://www.google.com/search?safe=off&site=&tbm=isch&source=hp&q=weak+infill&oq=weak+infill&gs_l=img#imgrc=RTuAfJ4GC95RnM
failed with url https://www.google.com/search?safe=off&site=&tbm=isch&source=hp&q=weak+infill&oq=weak+infill&gs_l=img#imgrc=8RSRG2PLbe9vKM
failed with url https://www.google.com/search?safe=off&site=&tbm=isch&source=hp&q=weak+infill+error+3D+print&oq=weak+infill+error+3D+print&gs_l=img#imgrc=EUntlhOe0qs86M
failed with url https://www.google.com/search?safe=off&site=&tbm=isch&source=hp&q=weak+infill&oq=weak+infill&gs_l=img#imgrc=x1iwYCgLzO6S3M
failed with url https://www.google.com/search?safe=off&site=&tbm=isch&source=hp&q=weak+infill+error+3D+print&oq=weak+infill+error+3D+print&gs_l=img#imgrc=WVig7rHjfwk2XM
failed with url https://www.google.com/search?safe=off&site=&tbm=isch&source=hp&q=weak+infill+3D+print&oq=weak+infill+3D+print&gs_l=img#imgrc=S0PWUrqi8gfUtM
failed with url https://www.google.com/search?safe=off&site=&tbm=isch&source=hp&q=weak+infill+3D+print&oq=weak+infill+3D+print&gs_l=img#imgrc=G4A3BzFaAO4cMM
failed with url https://www.google.com/search?safe=off&site=&tbm=isch&source=hp&q=weak+infill+3D+print&oq=weak+infill+3D+print&gs_l=img#imgrc=WVig7rHjfwk2XM
failed with url https://www.google.com/search?safe=off&site=&tbm=isch&source=hp&q=3D+print+weak+infill&oq=3D+print+weak+infill&gs_l=img#imgrc=aA9X5zqayU3NPM
failed with url https://www.google.com/search?safe=off&site=&tbm=isch&source=hp&q=weak+infill&oq=weak+infill&gs_l=img#imgrc=iL18QVkY0Dl83M
failed with url http://www.akeric.com/blog/wp-content/uploads/2015/01/betterInfill.jpg
failed with url https://www.google.com/search?safe=off&site=&tbm=isch&source=hp&q=weak+infill+error+3D+print&oq=weak+infill+error+3D+print&gs_l=img#imgrc=WWWg7SIZ5y89vM
failed with url https://www.google.com/search?safe=off&site=&tbm=isch&source=hp&q=weak+infill+error+3D+print&oq=weak+infill+error+3D+print&gs_l=img#imgrc=Sv_qcuQOyuePZM
failed with url https://www.google.com/search?safe=off&site=&tbm=isch&source=hp&q=weak+infill+error+3D+print&oq=weak+infill+error+3D+print&gs_l=img#imgrc=m8Ys3skcBVh6XM
failed with url https://www.google.com/search?safe=off&site=&tbm=isch&source=hp&q=weak+infill&oq=weak+infill&gs_l=img#imgrc=0e_DbdiNs2B4bM
failed with url https://www.google.com/search?safe=off&site=&tbm=isch&source=hp&q=weak+infill+3D+print&oq=weak+infill+3D+print&gs_l=img#imgrc=m8Ys3skcBVh6XM
failed with url https://www.google.com/search?safe=off&site=&tbm=isch&source=hp&q=weak+infill&oq=weak+infill&gs_l=img#imgrc=lLHu7Vc9zZLh8M
failed with url https://www.google.com/search?safe=off&site=&tbm=isch&source=hp&q=weak+infill&oq=weak+infill&gs_l=img#imgrc=1kkK2YeNggfYGM
failed with url https://www.google.com/search?safe=off&site=&tbm=isch&source=hp&q=weak+infill+error+3D+print&oq=weak+infill+error+3D+print&gs_l=img#imgrc=P5rfBdFaD5I_VM
failed with url https://www.google.com/search?safe=off&site=&tbm=isch&source=hp&q=weak+infill+error+3D+print&oq=weak+infill+error+3D+print&gs_l=img#imgrc=RplrtYEIk1w-eM
failed with url https://www.google.com/search?safe=off&site=&tbm=isch&source=hp&q=weak+infill+error+3D+print&oq=weak+infill+error+3D+print&gs_l=img#imgrc=b8EoUZGze3usWM
failed with url https://www.google.com/search?safe=off&site=&tbm=isch&source=hp&q=weak+infill&oq=weak+infill&gs_l=img#imgrc=qUQVTcgYkPvl6M
failed with url https://www.google.com/search?safe=off&site=&tbm=isch&source=hp&q=weak+infill+error+3D+print&oq=weak+infill+error+3D+print&gs_l=img#imgrc=wJRfPi4FxVl19M
failed with url https://www.google.com/search?safe=off&site=&tbm=isch&source=hp&q=weak+infill&oq=weak+infill&gs_l=img#imgrc=9aJCg6uTTY1QPM
failed with url https://www.google.com/search?safe=off&site=&tbm=isch&source=hp&q=weak+infill+3D+print&oq=weak+infill+3D+print&gs_l=img#imgrc=MCAbSu4cQWiFHM
failed with url https://www.google.com/search?safe=off&site=&tbm=isch&source=hp&q=3D+print+weak+infill&oq=3D+print+weak+infill&gs_l=img#imgrc=XL3E__kPt4XXyM
failed with url https://www.google.com/search?safe=off&site=&tbm=isch&source=hp&q=weak+infill+error+3D+print&oq=weak+infill+error+3D+print&gs_l=img#imgrc=gyO41R4YC5QveM
failed with url https://www.google.com/search?safe=off&site=&tbm=isch&source=hp&q=weak+infill+3D+print&oq=weak+infill+3D+print&gs_l=img#imgrc=DcgG-SrQh4GnYM
failed with url https://www.google.com/search?safe=off&site=&tbm=isch&source=hp&q=weak+infill&oq=weak+infill&gs_l=img#imgrc=JXXADlZKw1hxaM
failed with url https://www.google.com/search?safe=off&site=&tbm=isch&source=hp&q=weak+infill+error+3D+print&oq=weak+infill+error+3D+print&gs_l=img#imgrc=GKcTpxA_kuqI1M
failed with url https://www.google.com/search?safe=off&site=&tbm=isch&source=hp&q=weak+infill+3D+print&oq=weak+infill+3D+print&gs_l=img#imgrc=yh5sDWWi8N8ybM
failed with url https://www.google.com/search?safe=off&site=&tbm=isch&source=hp&q=3D+print+weak+infill&oq=3D+print+weak+infill&gs_l=img#imgrc=zfK8xRWxsPDVdM


failed with url https://3dprinterpower.com/wp-content/uploads/2018/03/3d_printer-Problems.jpg
failed with url https://lh3.googleusercontent.com/proxy/NYbNIHEYMoO-80lKjjl2KG6I92ZSOeqsni3cZAH_s_IbrsByTspAdzneOLvFyYQQg3Rrw5WoRSzJEMIVeD4
failed with url https://the3dprinterbee.com/wp-content/uploads/2020/12/Kopie-von-How-to-Avoid-Over-Extrusion-on-a-3D-Printer_.png
failed with url https://lh3.googleusercontent.com/proxy/3PDULQPRaZzurm_R1d4rEKjhzBWtSY19wPg4LSQpFDeyXSVXUn4DQzK0-hOz0nSyKFkhv70LtExP_lmV3CPs
failed with url https://www.google.com/search?safe=off&site=&tbm=isch&source=hp&q=underextrusion&oq=underextrusion&gs_l=img#imgrc=5KRylvRnZo4F2M
failed with url https://www.google.com/search?safe=off&site=&tbm=isch&source=hp&q=underextrusion+error+3D+print&oq=underextrusion+error+3D+print&gs_l=img#imgrc=yp5mIK6YO1o4fM
failed with url https://www.google.com/search?safe=off&site=&tbm=isch&source=hp&q=3D+print+underextrusion&oq=3D+print+underextrusion&gs_l=img#imgrc=HRoP3DP3qCuIGM
failed with url https://www.google.com/search?safe=off&site=&tbm=isch&source=hp&q=3D+print+underextrusion&oq=3D+print+underextrusion&gs_l=img#imgrc=uE2rZfp1qg1CUM
failed with url https://www.google.com/search?safe=off&site=&tbm=isch&source=hp&q=underextrusion+3D+print&oq=underextrusion+3D+print&gs_l=img#imgrc=TV4g_7PRgx9cbM
failed with url https://www.google.com/search?safe=off&site=&tbm=isch&source=hp&q=underextrusion+3D+print&oq=underextrusion+3D+print&gs_l=img#imgrc=doyk32bRIneX9M
failed with url https://www.google.com/search?safe=off&site=&tbm=isch&source=hp&q=underextrusion+3D+print&oq=underextrusion+3D+print&gs_l=img#imgrc=C8SZOk6-G4bGxM
failed with url https://www.google.com/search?safe=off&site=&tbm=isch&source=hp&q=underextrusion&oq=underextrusion&gs_l=img#imgrc=_ZWFPlO7SF5iTM
failed with url https://www.google.com/search?safe=off&site=&tbm=isch&source=hp&q=underextrusion&oq=underextrusion&gs_l=img#imgrc=81iNHdKeYgbP3M
failed with url https://www.google.com/search?safe=off&site=&tbm=isch&source=hp&q=underextrusion&oq=underextrusion&gs_l=img#imgrc=3Lz2XTgiZal2aM
failed with url https://www.google.com/search?safe=off&site=&tbm=isch&source=hp&q=underextrusion+error+3D+print&oq=underextrusion+error+3D+print&gs_l=img#imgrc=v7GFbACApaqe9M
failed with url https://www.google.com/search?safe=off&site=&tbm=isch&source=hp&q=underextrusion+error+3D+print&oq=underextrusion+error+3D+print&gs_l=img#imgrc=SzSfHClmFD_ocM
failed with url https://www.google.com/search?safe=off&site=&tbm=isch&source=hp&q=underextrusion+3D+print&oq=underextrusion+3D+print&gs_l=img#imgrc=b68zwsyMT_reGM
failed with url https://www.google.com/search?safe=off&site=&tbm=isch&source=hp&q=underextrusion+error+3D+print&oq=underextrusion+error+3D+print&gs_l=img#imgrc=pqIUXLXaVzFRFM
failed with url https://www.google.com/search?safe=off&site=&tbm=isch&source=hp&q=3D+print+underextrusion&oq=3D+print+underextrusion&gs_l=img#imgrc=bdYEojzFDOdYVM
failed with url https://www.google.com/search?safe=off&site=&tbm=isch&source=hp&q=3D+print+underextrusion&oq=3D+print+underextrusion&gs_l=img#imgrc=0xIkCuzjj3GViM
failed with url https://www.google.com/search?safe=off&site=&tbm=isch&source=hp&q=3D+print+underextrusion&oq=3D+print+underextrusion&gs_l=img#imgrc=AG8LTjWB7A_TrM
failed with url https://www.google.com/search?safe=off&site=&tbm=isch&source=hp&q=3D+print+underextrusion&oq=3D+print+underextrusion&gs_l=img#imgrc=89DlYRpBx7TKRM
failed with url https://www.google.com/search?safe=off&site=&tbm=isch&source=hp&q=underextrusion+error+3D+print&oq=underextrusion+error+3D+print&gs_l=img#imgrc=tceinkwhKiFwWM
failed with url https://www.google.com/search?safe=off&site=&tbm=isch&source=hp&q=underextrusion+3D+print&oq=underextrusion+3D+print&gs_l=img#imgrc=yp5mIK6YO1o4fM
failed with url https://www.google.com/search?safe=off&site=&tbm=isch&source=hp&q=underextrusion+3D+print&oq=underextrusion+3D+print&gs_l=img#imgrc=lh33bWbAvhe4pM
failed with url https://www.google.com/search?safe=off&site=&tbm=isch&source=hp&q=underextrusion&oq=underextrusion&gs_l=img#imgrc=i2yGhKTZ1-F_0M
failed with url https://www.google.com/search?safe=off&site=&tbm=isch&source=hp&q=3D+print+underextrusion&oq=3D+print+underextrusion&gs_l=img#imgrc=MIsVUlsQlNLrGM
failed with url https://www.google.com/search?safe=off&site=&tbm=isch&source=hp&q=underextrusion+error+3D+print&oq=underextrusion+error+3D+print&gs_l=img#imgrc=4fTmrs2ktKp_VM
failed with url https://www.google.com/search?safe=off&site=&tbm=isch&source=hp&q=underextrusion&oq=underextrusion&gs_l=img#imgrc=Q82IvKWUPV5SuM
failed with url https://www.google.com/search?safe=off&site=&tbm=isch&source=hp&q=underextrusion+error+3D+print&oq=underextrusion+error+3D+print&gs_l=img#imgrc=Xp8aH6xObg2HwM
failed with url https://www.google.com/search?safe=off&site=&tbm=isch&source=hp&q=underextrusion+error+3D+print&oq=underextrusion+error+3D+print&gs_l=img#imgrc=AG8LTjWB7A_TrM
failed with url https://www.google.com/search?safe=off&site=&tbm=isch&source=hp&q=3D+print+underextrusion&oq=3D+print+underextrusion&gs_l=img#imgrc=1aU4fCtPymcN8M
failed with url https://www.google.com/search?safe=off&site=&tbm=isch&source=hp&q=underextrusion+3D+print&oq=underextrusion+3D+print&gs_l=img#imgrc=fnYVxL_NBC7RUM
failed with url https://www.google.com/search?safe=off&site=&tbm=isch&source=hp&q=underextrusion&oq=underextrusion&gs_l=img#imgrc=lXgW8KsRdIJdGM
failed with url https://www.google.com/search?safe=off&site=&tbm=isch&source=hp&q=3D+print+underextrusion&oq=3D+print+underextrusion&gs_l=img#imgrc=bC5I_hMlADI2xM
failed with url https://www.google.com/search?safe=off&site=&tbm=isch&source=hp&q=3D+print+underextrusion&oq=3D+print+underextrusion&gs_l=img#imgrc=HqWKQzUjSw7ryM
failed with url https://www.google.com/search?safe=off&site=&tbm=isch&source=hp&q=underextrusion+3D+print&oq=underextrusion+3D+print&gs_l=img#imgrc=fKr8SL22sDOMZM
failed with url https://www.google.com/search?safe=off&site=&tbm=isch&source=hp&q=underextrusion+error+3D+print&oq=underextrusion+error+3D+print&gs_l=img#imgrc=d0ZEPOaWCw7f4M
failed with url https://www.google.com/search?safe=off&site=&tbm=isch&source=hp&q=3D+print+underextrusion&oq=3D+print+underextrusion&gs_l=img#imgrc=jT4fMlBvmEtbKM
failed with url https://www.google.com/search?safe=off&site=&tbm=isch&source=hp&q=3D+print+underextrusion&oq=3D+print+underextrusion&gs_l=img#imgrc=7SGaceeKf8_uFM
failed with url https://www.google.com/search?safe=off&site=&tbm=isch&source=hp&q=3D+print+underextrusion&oq=3D+print+underextrusion&gs_l=img#imgrc=A4M4Q9rgg8Vj5M
failed with url https://www.google.com/search?safe=off&site=&tbm=isch&source=hp&q=3D+print+underextrusion&oq=3D+print+underextrusion&gs_l=img#imgrc=1bsxCdlnnimi_M
failed with url https://www.google.com/search?safe=off&site=&tbm=isch&source=hp&q=underextrusion+error+3D+print&oq=underextrusion+error+3D+print&gs_l=img#imgrc=xfvCa_WF--EI9M
failed with url https://www.google.com/search?safe=off&site=&tbm=isch&source=hp&q=underextrusion&oq=underextrusion&gs_l=img#imgrc=STKpkKlrod3pFM
failed with url https://www.google.com/search?safe=off&site=&tbm=isch&source=hp&q=underextrusion+error+3D+print&oq=underextrusion+error+3D+print&gs_l=img#imgrc=SkRQf2yWpQ3SoM
failed with url https://www.google.com/search?safe=off&site=&tbm=isch&source=hp&q=underextrusion+3D+print&oq=underextrusion+3D+print&gs_l=img#imgrc=lieS8gnJhcuJ1M
failed with url https://www.google.com/search?safe=off&site=&tbm=isch&source=hp&q=underextrusion+error+3D+print&oq=underextrusion+error+3D+print&gs_l=img#imgrc=vX-H8z78PcI4sM
failed with url https://www.google.com/search?safe=off&site=&tbm=isch&source=hp&q=underextrusion+3D+print&oq=underextrusion+3D+print&gs_l=img#imgrc=ahkWTOzIuSYouM
failed with url https://www.google.com/search?safe=off&site=&tbm=isch&source=hp&q=underextrusion+error+3D+print&oq=underextrusion+error+3D+print&gs_l=img#imgrc=uwDuC_Ub5pdHhM
failed with url https://www.google.com/search?safe=off&site=&tbm=isch&source=hp&q=underextrusion+3D+print&oq=underextrusion+3D+print&gs_l=img#imgrc=KvCbnnU0WrWf7M
failed with url https://www.google.com/search?safe=off&site=&tbm=isch&source=hp&q=underextrusion&oq=underextrusion&gs_l=img#imgrc=AQrByP6iPvoBmM
failed with url https://www.google.com/search?safe=off&site=&tbm=isch&source=hp&q=underextrusion+error+3D+print&oq=underextrusion+error+3D+print&gs_l=img#imgrc=3Lz2XTgiZal2aM
failed with url https://www.google.com/search?safe=off&site=&tbm=isch&source=hp&q=underextrusion+3D+print&oq=underextrusion+3D+print&gs_l=img#imgrc=VPTZGjyw101nEM
failed with url https://www.google.com/search?safe=off&site=&tbm=isch&source=hp&q=underextrusion+3D+print&oq=underextrusion+3D+print&gs_l=img#imgrc=eC85tnE5w_PyUM
failed with url https://www.google.com/search?safe=off&site=&tbm=isch&source=hp&q=3D+print+underextrusion&oq=3D+print+underextrusion&gs_l=img#imgrc=N_HZQvB8Ynt9tM
failed with url https://www.google.com/search?safe=off&site=&tbm=isch&source=hp&q=underextrusion+error+3D+print&oq=underextrusion+error+3D+print&gs_l=img#imgrc=7zo94N451BvZ-M
failed with url https://www.google.com/search?safe=off&site=&tbm=isch&source=hp&q=underextrusion+error+3D+print&oq=underextrusion+error+3D+print&gs_l=img#imgrc=7SGaceeKf8_uFM
failed with url https://www.google.com/search?safe=off&site=&tbm=isch&source=hp&q=underextrusion+3D+print&oq=underextrusion+3D+print&gs_l=img#imgrc=kKpCUA6dkDJNVM
failed with url https://23re3128oij2wuxh2nd3ndfi-wpengine.netdna-ssl.com/wp-content/uploads/2015/09/screenshot_01.jpg
failed with url https://www.google.com/search?safe=off&site=&tbm=isch&source=hp&q=3D+print+underextrusion&oq=3D+print+underextrusion&gs_l=img#imgrc=w-vkUvqJFdjJ6M
failed with url https://www.google.com/search?safe=off&site=&tbm=isch&source=hp&q=underextrusion&oq=underextrusion&gs_l=img#imgrc=PgimldYLkhXdgM
failed with url https://www.google.com/search?safe=off&site=&tbm=isch&source=hp&q=underextrusion&oq=underextrusion&gs_l=img#imgrc=fCp13ZjtCmGaeM
failed with url https://www.google.com/search?safe=off&site=&tbm=isch&source=hp&q=underextrusion+error+3D+print&oq=underextrusion+error+3D+print&gs_l=img#imgrc=L1S9VycjpDwQHM
failed with url https://www.google.com/search?safe=off&site=&tbm=isch&source=hp&q=underextrusion&oq=underextrusion&gs_l=img#imgrc=5vafIOlE3NNNQM
failed with url https://lh3.googleusercontent.com/proxy/NK_7kX_az6QVBaFKj9Xv904sdpZuye1K_0eT5dtX8vBi3PjYF--4BKqIth0O2kleskSSjx6hlgcgubRABkSJCkFB1ikewaYEClDgfLYBEq0lEFl_NDuSLa5RmUATQPegrBA4
failed with url https://www.google.com/search?safe=off&site=&tbm=isch&source=hp&q=underextrusion+3D+print&oq=underextrusion+3D+print&gs_l=img#imgrc=AG8LTjWB7A_TrM
failed with url https://www.google.com/search?safe=off&site=&tbm=isch&source=hp&q=underextrusion+3D+print&oq=underextrusion+3D+print&gs_l=img#imgrc=Nx3hTSwQFtXtlM
failed with url https://www.google.com/search?safe=off&site=&tbm=isch&source=hp&q=underextrusion+error+3D+print&oq=underextrusion+error+3D+print&gs_l=img#imgrc=A4M4Q9rgg8Vj5M
failed with url https://www.google.com/search?safe=off&site=&tbm=isch&source=hp&q=underextrusion+error+3D+print&oq=underextrusion+error+3D+print&gs_l=img#imgrc=i9v-SvCcV27TYM
failed with url https://www.google.com/search?safe=off&site=&tbm=isch&source=hp&q=underextrusion+3D+print&oq=underextrusion+3D+print&gs_l=img#imgrc=A4M4Q9rgg8Vj5M
failed with url https://www.google.com/search?safe=off&site=&tbm=isch&source=hp&q=underextrusion&oq=underextrusion&gs_l=img#imgrc=cGBprnZ_JaJLEM
failed with url https://www.google.com/search?safe=off&site=&tbm=isch&source=hp&q=underextrusion&oq=underextrusion&gs_l=img#imgrc=eLiOebAJn6zYZM
failed with url https://www.google.com/search?safe=off&site=&tbm=isch&source=hp&q=underextrusion&oq=underextrusion&gs_l=img#imgrc=eyJfW_FnFNvAxM
failed with url https://www.google.com/search?safe=off&site=&tbm=isch&source=hp&q=underextrusion&oq=underextrusion&gs_l=img#imgrc=bXFe-yiQQfZb7M
failed with url https://www.google.com/search?safe=off&site=&tbm=isch&source=hp&q=underextrusion+3D+print&oq=underextrusion+3D+print&gs_l=img#imgrc=F3ojdTwTpNqtxM
failed with url https://www.google.com/search?safe=off&site=&tbm=isch&source=hp&q=3D+print+underextrusion&oq=3D+print+underextrusion&gs_l=img#imgrc=FW2TEqLKBtMjZM
failed with url https://www.google.com/search?safe=off&site=&tbm=isch&source=hp&q=3D+print+underextrusion&oq=3D+print+underextrusion&gs_l=img#imgrc=vnTNlf6ncQT9QM
failed with url https://www.google.com/search?safe=off&site=&tbm=isch&source=hp&q=underextrusion&oq=underextrusion&gs_l=img#imgrc=AG8LTjWB7A_TrM
failed with url https://www.google.com/search?safe=off&site=&tbm=isch&source=hp&q=underextrusion&oq=underextrusion&gs_l=img#imgrc=Quq5DM-6f01KEM
failed with url https://www.google.com/search?safe=off&site=&tbm=isch&source=hp&q=underextrusion+3D+print&oq=underextrusion+3D+print&gs_l=img#imgrc=erYvW5LZCxPNJM
failed with url https://www.google.com/search?safe=off&site=&tbm=isch&source=hp&q=underextrusion+error+3D+print&oq=underextrusion+error+3D+print&gs_l=img#imgrc=fnYVxL_NBC7RUM
failed with url https://www.google.com/search?safe=off&site=&tbm=isch&source=hp&q=3D+print+underextrusion&oq=3D+print+underextrusion&gs_l=img#imgrc=K9EIiG_2NLV5GM
failed with url https://www.google.com/search?safe=off&site=&tbm=isch&source=hp&q=underextrusion&oq=underextrusion&gs_l=img#imgrc=zbwArw4Ikx9RBM
failed with url https://www.google.com/search?safe=off&site=&tbm=isch&source=hp&q=underextrusion+error+3D+print&oq=underextrusion+error+3D+print&gs_l=img#imgrc=X2zj5P-jZOcmzM
failed with url https://www.google.com/search?safe=off&site=&tbm=isch&source=hp&q=underextrusion+3D+print&oq=underextrusion+3D+print&gs_l=img#imgrc=S83QmlwWDgXIRM
failed with url https://www.google.com/search?safe=off&site=&tbm=isch&source=hp&q=underextrusion+3D+print&oq=underextrusion+3D+print&gs_l=img#imgrc=7zo94N451BvZ-M
failed with url https://www.google.com/search?safe=off&site=&tbm=isch&source=hp&q=3D+print+underextrusion&oq=3D+print+underextrusion&gs_l=img#imgrc=yYhzIweAQP781M
failed with url https://www.google.com/search?safe=off&site=&tbm=isch&source=hp&q=underextrusion+error+3D+print&oq=underextrusion+error+3D+print&gs_l=img#imgrc=hNEU_jhQUFf5KM
failed with url https://www.google.com/search?safe=off&site=&tbm=isch&source=hp&q=underextrusion+error+3D+print&oq=underextrusion+error+3D+print&gs_l=img#imgrc=89DlYRpBx7TKRM
failed with url https://www.google.com/search?safe=off&site=&tbm=isch&source=hp&q=underextrusion+error+3D+print&oq=underextrusion+error+3D+print&gs_l=img#imgrc=KsGLrDnXuFkh4M
failed with url https://www.google.com/search?safe=off&site=&tbm=isch&source=hp&q=underextrusion+error+3D+print&oq=underextrusion+error+3D+print&gs_l=img#imgrc=riYbLk3jkq1rRM
failed with url https://www.google.com/search?safe=off&site=&tbm=isch&source=hp&q=3D+print+underextrusion&oq=3D+print+underextrusion&gs_l=img#imgrc=2rw9ClkyQ-P8ZM
failed with url https://www.google.com/search?safe=off&site=&tbm=isch&source=hp&q=underextrusion+error+3D+print&oq=underextrusion+error+3D+print&gs_l=img#imgrc=VlUUc9CXgJITIM
failed with url https://www.google.com/search?safe=off&site=&tbm=isch&source=hp&q=underextrusion&oq=underextrusion&gs_l=img#imgrc=S83QmlwWDgXIRM
failed with url https://www.google.com/search?safe=off&site=&tbm=isch&source=hp&q=underextrusion&oq=underextrusion&gs_l=img#imgrc=C8SZOk6-G4bGxM
failed with url https://www.google.com/search?safe=off&site=&tbm=isch&source=hp&q=underextrusion+3D+print&oq=underextrusion+3D+print&gs_l=img#imgrc=N_HZQvB8Ynt9tM
failed with url https://www.google.com/search?safe=off&site=&tbm=isch&source=hp&q=3D+print+underextrusion&oq=3D+print+underextrusion&gs_l=img#imgrc=kL0jOdTrdNMSvM
failed with url https://www.google.com/search?safe=off&site=&tbm=isch&source=hp&q=underextrusion+error+3D+print&oq=underextrusion+error+3D+print&gs_l=img#imgrc=2rw9ClkyQ-P8ZM
failed with url https://www.google.com/search?safe=off&site=&tbm=isch&source=hp&q=underextrusion&oq=underextrusion&gs_l=img#imgrc=RlLvf78shmeRZM
failed with url https://lh3.googleusercontent.com/proxy/AluD8niCoP366tkJtC6JDH1xleCSM3GZiyWYlBMgdonDM-jzvLaAAhrlUN9DNwyjaXIkHlDAJgSguco0TDyYluf7BzIC_xVuOg7L-y63
failed with url https://www.google.com/search?safe=off&site=&tbm=isch&source=hp&q=underextrusion+error+3D+print&oq=underextrusion+error+3D+print&gs_l=img#imgrc=8jV_0iZPUlb4_M
failed with url https://www.google.com/search?safe=off&site=&tbm=isch&source=hp&q=3D+print+underextrusion&oq=3D+print+underextrusion&gs_l=img#imgrc=b68zwsyMT_reGM
failed with url https://www.google.com/search?safe=off&site=&tbm=isch&source=hp&q=underextrusion+error+3D+print&oq=underextrusion+error+3D+print&gs_l=img#imgrc=b8EoUZGze3usWM
failed with url https://www.google.com/search?safe=off&site=&tbm=isch&source=hp&q=underextrusion+3D+print&oq=underextrusion+3D+print&gs_l=img#imgrc=TVnokYiMYFVMEM
failed with url https://www.google.com/search?safe=off&site=&tbm=isch&source=hp&q=underextrusion+error+3D+print&oq=underextrusion+error+3D+print&gs_l=img#imgrc=11eDpdaDwNVDpM
failed with url https://www.google.com/search?safe=off&site=&tbm=isch&source=hp&q=underextrusion+error+3D+print&oq=underextrusion+error+3D+print&gs_l=img#imgrc=YlZmYiYCMwEQNM
failed with url https://www.google.com/search?safe=off&site=&tbm=isch&source=hp&q=underextrusion&oq=underextrusion&gs_l=img#imgrc=vX-H8z78PcI4sM
failed with url https://www.google.com/search?safe=off&site=&tbm=isch&source=hp&q=underextrusion+3D+print&oq=underextrusion+3D+print&gs_l=img#imgrc=z1n9hkEzOSVLyM
failed with url https://www.google.com/search?safe=off&site=&tbm=isch&source=hp&q=underextrusion&oq=underextrusion&gs_l=img#imgrc=8MqEewZ3JZdWUM
failed with url https://www.google.com/search?safe=off&site=&tbm=isch&source=hp&q=3D+print+underextrusion&oq=3D+print+underextrusion&gs_l=img#imgrc=SzSfHClmFD_ocM
failed with url https://www.google.com/search?safe=off&site=&tbm=isch&source=hp&q=underextrusion+3D+print&oq=underextrusion+3D+print&gs_l=img#imgrc=BeqtLNsUoenTOM
failed with url https://www.google.com/search?safe=off&site=&tbm=isch&source=hp&q=underextrusion+error+3D+print&oq=underextrusion+error+3D+print&gs_l=img#imgrc=VPTZGjyw101nEM
failed with url https://www.google.com/search?safe=off&site=&tbm=isch&source=hp&q=3D+print+underextrusion&oq=3D+print+underextrusion&gs_l=img#imgrc=i2yGhKTZ1-F_0M
failed with url https://www.google.com/search?safe=off&site=&tbm=isch&source=hp&q=underextrusion+error+3D+print&oq=underextrusion+error+3D+print&gs_l=img#imgrc=6PtUvTY4TS3GUM
failed with url https://www.google.com/search?safe=off&site=&tbm=isch&source=hp&q=underextrusion&oq=underextrusion&gs_l=img#imgrc=o4CAD1Za5mKStM
failed with url https://www.google.com/search?safe=off&site=&tbm=isch&source=hp&q=underextrusion&oq=underextrusion&gs_l=img#imgrc=YlZmYiYCMwEQNM
failed with url https://www.google.com/search?safe=off&site=&tbm=isch&source=hp&q=3D+print+underextrusion&oq=3D+print+underextrusion&gs_l=img#imgrc=z1n9hkEzOSVLyM
failed with url https://www.google.com/search?safe=off&site=&tbm=isch&source=hp&q=underextrusion+error+3D+print&oq=underextrusion+error+3D+print&gs_l=img#imgrc=2m5ak86twgGNUM
failed with url https://www.google.com/search?safe=off&site=&tbm=isch&source=hp&q=3D+print+underextrusion&oq=3D+print+underextrusion&gs_l=img#imgrc=iJvgXTNZ-sCgXM
failed with url https://www.google.com/search?safe=off&site=&tbm=isch&source=hp&q=underextrusion+3D+print&oq=underextrusion+3D+print&gs_l=img#imgrc=zbwArw4Ikx9RBM
failed with url https://www.google.com/search?safe=off&site=&tbm=isch&source=hp&q=underextrusion&oq=underextrusion&gs_l=img#imgrc=4yd2Kb6AGIIyDM
failed with url https://www.google.com/search?safe=off&site=&tbm=isch&source=hp&q=underextrusion+3D+print&oq=underextrusion+3D+print&gs_l=img#imgrc=8MqEewZ3JZdWUM
failed with url https://www.google.com/search?safe=off&site=&tbm=isch&source=hp&q=3D+print+underextrusion&oq=3D+print+underextrusion&gs_l=img#imgrc=doyk32bRIneX9M
failed with url https://www.google.com/search?safe=off&site=&tbm=isch&source=hp&q=underextrusion&oq=underextrusion&gs_l=img#imgrc=M5Jgwu-eU-XuKM
failed with url https://www.google.com/search?safe=off&site=&tbm=isch&source=hp&q=underextrusion+error+3D+print&oq=underextrusion+error+3D+print&gs_l=img#imgrc=isKCU13Uau4-qM
failed with url https://www.google.com/search?safe=off&site=&tbm=isch&source=hp&q=underextrusion+3D+print&oq=underextrusion+3D+print&gs_l=img#imgrc=i2yGhKTZ1-F_0M
failed with url https://www.google.com/search?safe=off&site=&tbm=isch&source=hp&q=underextrusion+3D+print&oq=underextrusion+3D+print&gs_l=img#imgrc=BCxejhkh76StJM
failed with url https://www.google.com/search?safe=off&site=&tbm=isch&source=hp&q=underextrusion&oq=underextrusion&gs_l=img#imgrc=HpCtRnEcdqW1bM
failed with url https://www.google.com/search?safe=off&site=&tbm=isch&source=hp&q=underextrusion+3D+print&oq=underextrusion+3D+print&gs_l=img#imgrc=iJvgXTNZ-sCgXM
failed with url https://www.google.com/search?safe=off&site=&tbm=isch&source=hp&q=underextrusion&oq=underextrusion&gs_l=img#imgrc=6uZd4mLCV0WDgM
failed with url https://www.google.com/search?safe=off&site=&tbm=isch&source=hp&q=underextrusion+3D+print&oq=underextrusion+3D+print&gs_l=img#imgrc=Ps0RXq0Z64poAM
failed with url https://www.google.com/search?safe=off&site=&tbm=isch&source=hp&q=underextrusion+3D+print&oq=underextrusion+3D+print&gs_l=img#imgrc=pE1GaAZyNMfRkM
failed with url https://www.google.com/search?safe=off&site=&tbm=isch&source=hp&q=underextrusion+error+3D+print&oq=underextrusion+error+3D+print&gs_l=img#imgrc=eyJfW_FnFNvAxM
failed with url https://www.google.com/search?safe=off&site=&tbm=isch&source=hp&q=3D+print+underextrusion&oq=3D+print+underextrusion&gs_l=img#imgrc=Ps0RXq0Z64poAM
failed with url https://www.google.com/search?safe=off&site=&tbm=isch&source=hp&q=3D+print+underextrusion&oq=3D+print+underextrusion&gs_l=img#imgrc=iiWFu6uI6YlMnM
failed with url https://www.google.com/search?safe=off&site=&tbm=isch&source=hp&q=underextrusion+3D+print&oq=underextrusion+3D+print&gs_l=img#imgrc=ySsM4UzcaGDgdM
failed with url https://www.google.com/search?safe=off&site=&tbm=isch&source=hp&q=underextrusion&oq=underextrusion&gs_l=img#imgrc=TiVepAaWO9gszM
failed with url https://www.google.com/search?safe=off&site=&tbm=isch&source=hp&q=underextrusion&oq=underextrusion&gs_l=img#imgrc=SkRQf2yWpQ3SoM
failed with url https://www.google.com/search?safe=off&site=&tbm=isch&source=hp&q=underextrusion&oq=underextrusion&gs_l=img#imgrc=jxkOmTF4ZKTVXM
failed with url https://www.google.com/search?safe=off&site=&tbm=isch&source=hp&q=underextrusion+3D+print&oq=underextrusion+3D+print&gs_l=img#imgrc=iiEtRNij_pGAVM
failed with url https://www.google.com/search?safe=off&site=&tbm=isch&source=hp&q=underextrusion&oq=underextrusion&gs_l=img#imgrc=rgGZ4jIKJ8wjJM
failed with url https://www.google.com/search?safe=off&site=&tbm=isch&source=hp&q=3D+print+underextrusion&oq=3D+print+underextrusion&gs_l=img#imgrc=2tJK8B0zY8bv1M
failed with url https://www.google.com/search?safe=off&site=&tbm=isch&source=hp&q=underextrusion+3D+print&oq=underextrusion+3D+print&gs_l=img#imgrc=0z0v28cqEFMqnM
failed with url https://www.google.com/search?safe=off&site=&tbm=isch&source=hp&q=underextrusion&oq=underextrusion&gs_l=img#imgrc=j7ekPM7FTnWqOM
failed with url https://www.google.com/search?safe=off&site=&tbm=isch&source=hp&q=3D+print+underextrusion&oq=3D+print+underextrusion&gs_l=img#imgrc=pE1GaAZyNMfRkM
failed with url https://www.google.com/search?safe=off&site=&tbm=isch&source=hp&q=underextrusion&oq=underextrusion&gs_l=img#imgrc=bdYEojzFDOdYVM
failed with url https://www.google.com/search?safe=off&site=&tbm=isch&source=hp&q=underextrusion+3D+print&oq=underextrusion+3D+print&gs_l=img#imgrc=j30ibyytwD1AgM
failed with url https://www.google.com/search?safe=off&site=&tbm=isch&source=hp&q=3D+print+underextrusion&oq=3D+print+underextrusion&gs_l=img#imgrc=Q7-ByyNlV9m3yM
failed with url https://www.google.com/search?safe=off&site=&tbm=isch&source=hp&q=underextrusion+error+3D+print&oq=underextrusion+error+3D+print&gs_l=img#imgrc=0y8-WstVhV6ifM
failed with url https://www.google.com/search?safe=off&site=&tbm=isch&source=hp&q=underextrusion+3D+print&oq=underextrusion+3D+print&gs_l=img#imgrc=w-vkUvqJFdjJ6M
failed with url https://www.google.com/search?safe=off&site=&tbm=isch&source=hp&q=underextrusion&oq=underextrusion&gs_l=img#imgrc=FW2TEqLKBtMjZM
failed with url https://www.google.com/search?safe=off&site=&tbm=isch&source=hp&q=underextrusion&oq=underextrusion&gs_l=img#imgrc=cjqYY-1rzlzIbM
failed with url https://www.google.com/search?safe=off&site=&tbm=isch&source=hp&q=underextrusion+error+3D+print&oq=underextrusion+error+3D+print&gs_l=img#imgrc=9seGz_-oqHUm1M
failed with url https://www.google.com/search?safe=off&site=&tbm=isch&source=hp&q=underextrusion+error+3D+print&oq=underextrusion+error+3D+print&gs_l=img#imgrc=w-vkUvqJFdjJ6M
failed with url https://www.google.com/search?safe=off&site=&tbm=isch&source=hp&q=underextrusion&oq=underextrusion&gs_l=img#imgrc=vnTNlf6ncQT9QM
failed with url https://www.google.com/search?safe=off&site=&tbm=isch&source=hp&q=underextrusion&oq=underextrusion&gs_l=img#imgrc=GcG2Xl4zNYDFLM
failed with url https://www.google.com/search?safe=off&site=&tbm=isch&source=hp&q=3D+print+underextrusion&oq=3D+print+underextrusion&gs_l=img#imgrc=fnYVxL_NBC7RUM
failed with url https://www.google.com/search?safe=off&site=&tbm=isch&source=hp&q=3D+print+underextrusion&oq=3D+print+underextrusion&gs_l=img#imgrc=qVa0UKTkKEyQrM
failed with url https://www.google.com/search?safe=off&site=&tbm=isch&source=hp&q=underextrusion+error+3D+print&oq=underextrusion+error+3D+print&gs_l=img#imgrc=k4vlDXOcrlGqSM
failed with url https://www.google.com/search?safe=off&site=&tbm=isch&source=hp&q=underextrusion+3D+print&oq=underextrusion+3D+print&gs_l=img#imgrc=2rw9ClkyQ-P8ZM
failed with url https://www.google.com/search?safe=off&site=&tbm=isch&source=hp&q=underextrusion&oq=underextrusion&gs_l=img#imgrc=XauF2ZfqzrGAKM
failed with url https://www.google.com/search?safe=off&site=&tbm=isch&source=hp&q=underextrusion&oq=underextrusion&gs_l=img#imgrc=2FhBwcf0YKc_yM
failed with url https://www.google.com/search?safe=off&site=&tbm=isch&source=hp&q=underextrusion&oq=underextrusion&gs_l=img#imgrc=dt90A1Lm-cio8M
failed with url https://www.google.com/search?safe=off&site=&tbm=isch&source=hp&q=underextrusion&oq=underextrusion&gs_l=img#imgrc=z1n9hkEzOSVLyM
failed with url https://www.google.com/search?safe=off&site=&tbm=isch&source=hp&q=3D+print+underextrusion&oq=3D+print+underextrusion&gs_l=img#imgrc=lieS8gnJhcuJ1M
failed with url https://www.google.com/search?safe=off&site=&tbm=isch&source=hp&q=underextrusion&oq=underextrusion&gs_l=img#imgrc=TVnokYiMYFVMEM
failed with url https://www.google.com/search?safe=off&site=&tbm=isch&source=hp&q=3D+print+underextrusion&oq=3D+print+underextrusion&gs_l=img#imgrc=0z0v28cqEFMqnM
failed with url https://www.google.com/search?safe=off&site=&tbm=isch&source=hp&q=underextrusion&oq=underextrusion&gs_l=img#imgrc=9q3zTBjWh5KbpM
failed with url https://www.google.com/search?safe=off&site=&tbm=isch&source=hp&q=underextrusion&oq=underextrusion&gs_l=img#imgrc=vGDA8rgBSzmOqM
failed with url https://www.google.com/search?safe=off&site=&tbm=isch&source=hp&q=underextrusion+3D+print&oq=underextrusion+3D+print&gs_l=img#imgrc=SkRQf2yWpQ3SoM
failed with url https://www.google.com/search?safe=off&site=&tbm=isch&source=hp&q=underextrusion+3D+print&oq=underextrusion+3D+print&gs_l=img#imgrc=HRoP3DP3qCuIGM
failed with url https://www.google.com/search?safe=off&site=&tbm=isch&source=hp&q=underextrusion+3D+print&oq=underextrusion+3D+print&gs_l=img#imgrc=bC5I_hMlADI2xM
failed with url https://www.google.com/search?safe=off&site=&tbm=isch&source=hp&q=underextrusion+error+3D+print&oq=underextrusion+error+3D+print&gs_l=img#imgrc=BCxejhkh76StJM
failed with url https://www.google.com/search?safe=off&site=&tbm=isch&source=hp&q=3D+print+underextrusion&oq=3D+print+underextrusion&gs_l=img#imgrc=UTpH3HUrn839AM
failed with url https://lh3.googleusercontent.com/proxy/rSh-c-XzMGfsXZXi-2QEFzTm0TH7jbAg4fkKQvy1MrRq39_fv9xZmhxZ1cqnPZZW1syubEHf0eLz-G3UcCx4IM2M89krXbGzFg3fetCQcOMNN2aqnjzJj2uw70FPmiMsNtqa
failed with url https://www.google.com/search?safe=off&site=&tbm=isch&source=hp&q=underextrusion+error+3D+print&oq=underextrusion+error+3D+print&gs_l=img#imgrc=Z0xs_tyZa3K9WM
failed with url https://www.google.com/search?safe=off&site=&tbm=isch&source=hp&q=underextrusion+3D+print&oq=underextrusion+3D+print&gs_l=img#imgrc=XauF2ZfqzrGAKM
failed with url https://www.google.com/search?safe=off&site=&tbm=isch&source=hp&q=underextrusion+3D+print&oq=underextrusion+3D+print&gs_l=img#imgrc=FW2TEqLKBtMjZM
failed with url https://www.google.com/search?safe=off&site=&tbm=isch&source=hp&q=underextrusion&oq=underextrusion&gs_l=img#imgrc=iJvgXTNZ-sCgXM
failed with url https://www.google.com/search?safe=off&site=&tbm=isch&source=hp&q=3D+print+underextrusion&oq=3D+print+underextrusion&gs_l=img#imgrc=j7MIZLID8-fHMM
failed with url https://www.google.com/search?safe=off&site=&tbm=isch&source=hp&q=3D+print+underextrusion&oq=3D+print+underextrusion&gs_l=img#imgrc=v7GFbACApaqe9M
failed with url https://www.google.com/search?safe=off&site=&tbm=isch&source=hp&q=underextrusion+error+3D+print&oq=underextrusion+error+3D+print&gs_l=img#imgrc=BeqtLNsUoenTOM
failed with url https://www.google.com/search?safe=off&site=&tbm=isch&source=hp&q=underextrusion+error+3D+print&oq=underextrusion+error+3D+print&gs_l=img#imgrc=FW2TEqLKBtMjZM
failed with url https://www.google.com/search?safe=off&site=&tbm=isch&source=hp&q=underextrusion&oq=underextrusion&gs_l=img#imgrc=5B82Z6wm1o2p0M
failed with url https://www.google.com/search?safe=off&site=&tbm=isch&source=hp&q=underextrusion+error+3D+print&oq=underextrusion+error+3D+print&gs_l=img#imgrc=HAql8C-uI0K0FM
failed with url https://www.google.com/search?safe=off&site=&tbm=isch&source=hp&q=underextrusion+error+3D+print&oq=underextrusion+error+3D+print&gs_l=img#imgrc=2Lz9ik7xCBBi1M
failed with url https://www.google.com/search?safe=off&site=&tbm=isch&source=hp&q=underextrusion+error+3D+print&oq=underextrusion+error+3D+print&gs_l=img#imgrc=Ps0RXq0Z64poAM
failed with url https://www.google.com/search?safe=off&site=&tbm=isch&source=hp&q=3D+print+underextrusion&oq=3D+print+underextrusion&gs_l=img#imgrc=fKr8SL22sDOMZM
failed with url https://www.google.com/search?safe=off&site=&tbm=isch&source=hp&q=underextrusion&oq=underextrusion&gs_l=img#imgrc=3DLfOFM6idrY6M
failed with url https://www.google.com/search?safe=off&site=&tbm=isch&source=hp&q=underextrusion+error+3D+print&oq=underextrusion+error+3D+print&gs_l=img#imgrc=WM91hvu2UfmGBM
failed with url https://www.google.com/search?safe=off&site=&tbm=isch&source=hp&q=underextrusion&oq=underextrusion&gs_l=img#imgrc=tknbO6oenohY5M
failed with url https://www.google.com/search?safe=off&site=&tbm=isch&source=hp&q=underextrusion+error+3D+print&oq=underextrusion+error+3D+print&gs_l=img#imgrc=laco-hdi3XR2SM
failed with url https://www.google.com/search?safe=off&site=&tbm=isch&source=hp&q=underextrusion&oq=underextrusion&gs_l=img#imgrc=iD4J-ziS_I5E2M
failed with url https://www.google.com/search?safe=off&site=&tbm=isch&source=hp&q=3D+print+underextrusion&oq=3D+print+underextrusion&gs_l=img#imgrc=SkRQf2yWpQ3SoM
failed with url https://www.google.com/search?safe=off&site=&tbm=isch&source=hp&q=3D+print+underextrusion&oq=3D+print+underextrusion&gs_l=img#imgrc=t0TEujqA-5az6M
failed with url https://www.google.com/search?safe=off&site=&tbm=isch&source=hp&q=underextrusion+3D+print&oq=underextrusion+3D+print&gs_l=img#imgrc=vnTNlf6ncQT9QM
failed with url https://www.google.com/search?safe=off&site=&tbm=isch&source=hp&q=underextrusion&oq=underextrusion&gs_l=img#imgrc=5Ff_8g9YcbhkRM
failed with url https://www.google.com/search?safe=off&site=&tbm=isch&source=hp&q=underextrusion&oq=underextrusion&gs_l=img#imgrc=ohFHwvWQgW6QLM
failed with url https://www.google.com/search?safe=off&site=&tbm=isch&source=hp&q=3D+print+underextrusion&oq=3D+print+underextrusion&gs_l=img#imgrc=gKl3ouEHH0wIQM
failed with url https://www.google.com/search?safe=off&site=&tbm=isch&source=hp&q=underextrusion&oq=underextrusion&gs_l=img#imgrc=jT4fMlBvmEtbKM
failed with url https://www.google.com/search?safe=off&site=&tbm=isch&source=hp&q=underextrusion&oq=underextrusion&gs_l=img#imgrc=ZkT9xg8zINi1aM
failed with url https://www.google.com/search?safe=off&site=&tbm=isch&source=hp&q=underextrusion&oq=underextrusion&gs_l=img#imgrc=BKJrTwEgieHmLM
failed with url https://www.google.com/search?safe=off&site=&tbm=isch&source=hp&q=underextrusion+3D+print&oq=underextrusion+3D+print&gs_l=img#imgrc=v7GFbACApaqe9M
failed with url https://www.google.com/search?safe=off&site=&tbm=isch&source=hp&q=underextrusion&oq=underextrusion&gs_l=img#imgrc=SzSfHClmFD_ocM
failed with url https://www.google.com/search?safe=off&site=&tbm=isch&source=hp&q=underextrusion+3D+print&oq=underextrusion+3D+print&gs_l=img#imgrc=vX-H8z78PcI4sM
failed with url https://www.google.com/search?safe=off&site=&tbm=isch&source=hp&q=underextrusion&oq=underextrusion&gs_l=img#imgrc=pqIUXLXaVzFRFM
failed with url https://www.google.com/search?safe=off&site=&tbm=isch&source=hp&q=underextrusion&oq=underextrusion&gs_l=img#imgrc=b68zwsyMT_reGM
failed with url https://www.google.com/search?safe=off&site=&tbm=isch&source=hp&q=3D+print+underextrusion&oq=3D+print+underextrusion&gs_l=img#imgrc=Xp8aH6xObg2HwM
failed with url https://www.google.com/search?safe=off&site=&tbm=isch&source=hp&q=underextrusion&oq=underextrusion&gs_l=img#imgrc=FZztSFsZSyzp4M
failed with url https://www.google.com/search?safe=off&site=&tbm=isch&source=hp&q=underextrusion+3D+print&oq=underextrusion+3D+print&gs_l=img#imgrc=0xIkCuzjj3GViM
failed with url https://www.google.com/search?safe=off&site=&tbm=isch&source=hp&q=underextrusion+error+3D+print&oq=underextrusion+error+3D+print&gs_l=img#imgrc=nkLv-LuEHQ3WMM
failed with url https://www.google.com/search?safe=off&site=&tbm=isch&source=hp&q=underextrusion&oq=underextrusion&gs_l=img#imgrc=yYhzIweAQP781M
failed with url https://www.google.com/search?safe=off&site=&tbm=isch&source=hp&q=underextrusion+3D+print&oq=underextrusion+3D+print&gs_l=img#imgrc=ohFHwvWQgW6QLM
failed with url https://www.google.com/search?safe=off&site=&tbm=isch&source=hp&q=underextrusion+3D+print&oq=underextrusion+3D+print&gs_l=img#imgrc=0y8-WstVhV6ifM
failed with url https://lh3.googleusercontent.com/proxy/CIUoa6ITOIsBQOE9XGgkN_JsgewfoJfzkzAKHVvzJZFW5_LnViN8xja8v9sM-OPH9nd-KfM0gc80FgoeUWI
failed with url https://www.google.com/search?safe=off&site=&tbm=isch&source=hp&q=underextrusion&oq=underextrusion&gs_l=img#imgrc=W_Q-MjeDtpXl0M
failed with url https://www.google.com/search?safe=off&site=&tbm=isch&source=hp&q=underextrusion+3D+print&oq=underextrusion+3D+print&gs_l=img#imgrc=KsGLrDnXuFkh4M
failed with url https://www.google.com/search?safe=off&site=&tbm=isch&source=hp&q=underextrusion&oq=underextrusion&gs_l=img#imgrc=QTmmWFFsWXXueM
failed with url https://www.google.com/search?safe=off&site=&tbm=isch&source=hp&q=3D+print+underextrusion&oq=3D+print+underextrusion&gs_l=img#imgrc=eyJfW_FnFNvAxM
failed with url https://www.google.com/search?safe=off&site=&tbm=isch&source=hp&q=3D+print+underextrusion&oq=3D+print+underextrusion&gs_l=img#imgrc=GNcnI_qOo-RnnM
failed with url https://www.google.com/search?safe=off&site=&tbm=isch&source=hp&q=underextrusion+error+3D+print&oq=underextrusion+error+3D+print&gs_l=img#imgrc=V_g7Vy1j1VaVmM
failed with url https://www.google.com/search?safe=off&site=&tbm=isch&source=hp&q=underextrusion&oq=underextrusion&gs_l=img#imgrc=lieS8gnJhcuJ1M
failed with url https://www.google.com/search?safe=off&site=&tbm=isch&source=hp&q=underextrusion+error+3D+print&oq=underextrusion+error+3D+print&gs_l=img#imgrc=i2yGhKTZ1-F_0M
failed with url https://www.google.com/search?safe=off&site=&tbm=isch&source=hp&q=underextrusion+error+3D+print&oq=underextrusion+error+3D+print&gs_l=img#imgrc=F-AxZg2gVGN-RM
failed with url https://www.google.com/search?safe=off&site=&tbm=isch&source=hp&q=underextrusion&oq=underextrusion&gs_l=img#imgrc=kErauleTsj6uXM

failed with url https://fabbaloo.com/wp-content/uploads/2020/05/image-asset_img_5eb0a9a12a6aa.jpg
failed with url https://lh3.googleusercontent.com/proxy/c1fjiwzQdVMS1ynxvh8HXZhOjac2aF__rzoTNwX8hgIdxX1IUmSpSa_v7feLQZKLdaPQjBv51wG8C586eEI6bIMl9i9C2Tyjz7tI0Sbm9R4
failed with url https://www.google.com/search?safe=off&site=&tbm=isch&source=hp&q=overextrusion&oq=overextrusion&gs_l=img#imgrc=q701mHM2GJ_0jM
failed with url https://www.google.com/search?safe=off&site=&tbm=isch&source=hp&q=overextrusion&oq=overextrusion&gs_l=img#imgrc=7JOAM1TRrSiUWM
failed with url https://www.google.com/search?safe=off&site=&tbm=isch&source=hp&q=overextrusion+3D+print&oq=overextrusion+3D+print&gs_l=img#imgrc=u5JFmJPjlWj5gM
failed with url https://www.google.com/search?safe=off&site=&tbm=isch&source=hp&q=overextrusion+error+3D+print&oq=overextrusion+error+3D+print&gs_l=img#imgrc=lieS8gnJhcuJ1M
failed with url https://www.google.com/search?safe=off&site=&tbm=isch&source=hp&q=overextrusion+3D+print&oq=overextrusion+3D+print&gs_l=img#imgrc=GVIpE4cR1vVgpM
failed with url https://www.google.com/search?safe=off&site=&tbm=isch&source=hp&q=overextrusion+error+3D+print&oq=overextrusion+error+3D+print&gs_l=img#imgrc=kRd6_0gCaFDKuM
failed with url https://www.google.com/search?safe=off&site=&tbm=isch&source=hp&q=overextrusion+3D+print&oq=overextrusion+3D+print&gs_l=img#imgrc=7zo94N451BvZ-M
failed with url https://www.google.com/search?safe=off&site=&tbm=isch&source=hp&q=overextrusion+error+3D+print&oq=overextrusion+error+3D+print&gs_l=img#imgrc=NimVxGUAhGtDhM
failed with url https://www.google.com/search?safe=off&site=&tbm=isch&source=hp&q=overextrusion&oq=overextrusion&gs_l=img#imgrc=kHNXnMJAKgwuoM
failed with url https://www.google.com/search?safe=off&site=&tbm=isch&source=hp&q=overextrusion&oq=overextrusion&gs_l=img#imgrc=A59obIcTw2cuhM
failed with url https://www.google.com/search?safe=off&site=&tbm=isch&source=hp&q=overextrusion&oq=overextrusion&gs_l=img#imgrc=h2MP4D4t1ZJiPM
failed with url https://www.google.com/search?safe=off&site=&tbm=isch&source=hp&q=overextrusion+3D+print&oq=overextrusion+3D+print&gs_l=img#imgrc=V_g7Vy1j1VaVmM
failed with url https://www.google.com/search?safe=off&site=&tbm=isch&source=hp&q=overextrusion+3D+print&oq=overextrusion+3D+print&gs_l=img#imgrc=g73TpMSZIae0JM
failed with url https://www.google.com/search?safe=off&site=&tbm=isch&source=hp&q=overextrusion+3D+print&oq=overextrusion+3D+print&gs_l=img#imgrc=b1RpqYFr7YZrEM
failed with url https://www.google.com/search?safe=off&site=&tbm=isch&source=hp&q=3D+print+overextrusion&oq=3D+print+overextrusion&gs_l=img#imgrc=VKsHEydkaSkc9M
failed with url https://www.google.com/search?safe=off&site=&tbm=isch&source=hp&q=3D+print+overextrusion&oq=3D+print+overextrusion&gs_l=img#imgrc=qzEFpTRjJbC-RM
failed with url https://lh3.googleusercontent.com/proxy/TuSNg27s-7lL-sRdg1p5k6Nrg7Avh5YFebge-xIh991hiNhTbD8SK5pnV3exgeN0XBOUGnhyHtXnxq2eV01u9brp56Ae-CWSabId8xMQJ6A
failed with url https://www.google.com/search?safe=off&site=&tbm=isch&source=hp&q=overextrusion&oq=overextrusion&gs_l=img#imgrc=L1S9VycjpDwQHM
failed with url https://www.google.com/search?safe=off&site=&tbm=isch&source=hp&q=overextrusion&oq=overextrusion&gs_l=img#imgrc=P6cuU0-02aeG5M
failed with url https://www.google.com/search?safe=off&site=&tbm=isch&source=hp&q=overextrusion+3D+print&oq=overextrusion+3D+print&gs_l=img#imgrc=9nSBbzXpIsVhNM
failed with url https://www.google.com/search?safe=off&site=&tbm=isch&source=hp&q=3D+print+overextrusion&oq=3D+print+overextrusion&gs_l=img#imgrc=CAashapJAoYNTM
failed with url https://www.google.com/search?safe=off&site=&tbm=isch&source=hp&q=3D+print+overextrusion&oq=3D+print+overextrusion&gs_l=img#imgrc=7zo94N451BvZ-M
failed with url https://www.google.com/search?safe=off&site=&tbm=isch&source=hp&q=overextrusion+error+3D+print&oq=overextrusion+error+3D+print&gs_l=img#imgrc=TG2xwYxrSNo4HM
failed with url https://www.google.com/search?safe=off&site=&tbm=isch&source=hp&q=overextrusion&oq=overextrusion&gs_l=img#imgrc=887Gcrz0tmw-JM
failed with url https://www.google.com/search?safe=off&site=&tbm=isch&source=hp&q=overextrusion+error+3D+print&oq=overextrusion+error+3D+print&gs_l=img#imgrc=3-hOGnbCMerX2M
failed with url https://www.google.com/search?safe=off&site=&tbm=isch&source=hp&q=overextrusion+error+3D+print&oq=overextrusion+error+3D+print&gs_l=img#imgrc=xxmDbck2HQ-RTM
failed with url https://www.google.com/search?safe=off&site=&tbm=isch&source=hp&q=overextrusion&oq=overextrusion&gs_l=img#imgrc=a4ryYnkeBpznaM
failed with url https://lh3.googleusercontent.com/proxy/lMj5BWSYzS9u4p3YEdRT7lSrE4g4IEIfwljAx6R-_dUcoub41F5VHXDlWE5kf9iKC2c-w73OSZNC9cDLbtJIjhFSQaYHcCUMdZIKQgVzeTbRt8P7NLY
failed with url https://www.google.com/search?safe=off&site=&tbm=isch&source=hp&q=overextrusion&oq=overextrusion&gs_l=img#imgrc=s22OKGjJKdJ9XM
failed with url https://www.google.com/search?safe=off&site=&tbm=isch&source=hp&q=overextrusion&oq=overextrusion&gs_l=img#imgrc=2MdX3-qUW_A_fM
failed with url https://www.google.com/search?safe=off&site=&tbm=isch&source=hp&q=3D+print+overextrusion&oq=3D+print+overextrusion&gs_l=img#imgrc=qDdp46sPKvlBIM
failed with url https://www.google.com/search?safe=off&site=&tbm=isch&source=hp&q=overextrusion+3D+print&oq=overextrusion+3D+print&gs_l=img#imgrc=Y8mqRgKlX4OVqM
failed with url https://www.google.com/search?safe=off&site=&tbm=isch&source=hp&q=overextrusion&oq=overextrusion&gs_l=img#imgrc=ohFHwvWQgW6QLM
failed with url https://the3dprinterbee.com/wp-content/uploads/2020/11/How-to-Avoid-Over-Extrusion-on-a-3D-Printer_.png
failed with url https://www.google.com/search?safe=off&site=&tbm=isch&source=hp&q=overextrusion+3D+print&oq=overextrusion+3D+print&gs_l=img#imgrc=X7Nf5gB7bgdvKM
failed with url https://www.google.com/search?safe=off&site=&tbm=isch&source=hp&q=3D+print+overextrusion&oq=3D+print+overextrusion&gs_l=img#imgrc=Y8mqRgKlX4OVqM
failed with url https://www.google.com/search?safe=off&site=&tbm=isch&source=hp&q=overextrusion+error+3D+print&oq=overextrusion+error+3D+print&gs_l=img#imgrc=y_S2NSZaVVAPyM
failed with url https://www.google.com/search?safe=off&site=&tbm=isch&source=hp&q=overextrusion+3D+print&oq=overextrusion+3D+print&gs_l=img#imgrc=jycT66lMH5krGM
failed with url https://www.google.com/search?safe=off&site=&tbm=isch&source=hp&q=3D+print+overextrusion&oq=3D+print+overextrusion&gs_l=img#imgrc=VlUUc9CXgJITIM
failed with url https://www.google.com/search?safe=off&site=&tbm=isch&source=hp&q=overextrusion+3D+print&oq=overextrusion+3D+print&gs_l=img#imgrc=ww-pLcNkVIf8wM
failed with url https://www.google.com/search?safe=off&site=&tbm=isch&source=hp&q=overextrusion&oq=overextrusion&gs_l=img#imgrc=C9g15G00pVP3WM
failed with url https://www.google.com/search?safe=off&site=&tbm=isch&source=hp&q=overextrusion+error+3D+print&oq=overextrusion+error+3D+print&gs_l=img#imgrc=DnkSpuarPuHFlM
failed with url https://www.google.com/search?safe=off&site=&tbm=isch&source=hp&q=overextrusion+3D+print&oq=overextrusion+3D+print&gs_l=img#imgrc=iBIvHaQaPnU8YM
failed with url https://www.google.com/search?safe=off&site=&tbm=isch&source=hp&q=overextrusion+3D+print&oq=overextrusion+3D+print&gs_l=img#imgrc=P6cuU0-02aeG5M
failed with url https://www.google.com/search?safe=off&site=&tbm=isch&source=hp&q=3D+print+overextrusion&oq=3D+print+overextrusion&gs_l=img#imgrc=g73TpMSZIae0JM
failed with url https://www.google.com/search?safe=off&site=&tbm=isch&source=hp&q=overextrusion&oq=overextrusion&gs_l=img#imgrc=L7wUkOrHVk6GpM
failed with url https://www.google.com/search?safe=off&site=&tbm=isch&source=hp&q=3D+print+overextrusion&oq=3D+print+overextrusion&gs_l=img#imgrc=0xIkCuzjj3GViM
failed with url https://www.google.com/search?safe=off&site=&tbm=isch&source=hp&q=overextrusion+3D+print&oq=overextrusion+3D+print&gs_l=img#imgrc=_RtOqjGSda_2jM
failed with url https://www.google.com/search?safe=off&site=&tbm=isch&source=hp&q=overextrusion&oq=overextrusion&gs_l=img#imgrc=yBY85stT2GPmwM
failed with url https://www.google.com/search?safe=off&site=&tbm=isch&source=hp&q=overextrusion+3D+print&oq=overextrusion+3D+print&gs_l=img#imgrc=h2MP4D4t1ZJiPM
failed with url https://www.google.com/search?safe=off&site=&tbm=isch&source=hp&q=overextrusion&oq=overextrusion&gs_l=img#imgrc=zMhMgH6bDtbxBM
failed with url https://www.google.com/search?safe=off&site=&tbm=isch&source=hp&q=overextrusion+3D+print&oq=overextrusion+3D+print&gs_l=img#imgrc=kZ2WMPlFzOYzDM
failed with url https://www.google.com/search?safe=off&site=&tbm=isch&source=hp&q=overextrusion&oq=overextrusion&gs_l=img#imgrc=Ia_feveQqe6hqM
failed with url https://www.google.com/search?safe=off&site=&tbm=isch&source=hp&q=overextrusion&oq=overextrusion&gs_l=img#imgrc=Hpm45n6S28YCKM
failed with url https://www.google.com/search?safe=off&site=&tbm=isch&source=hp&q=overextrusion+error+3D+print&oq=overextrusion+error+3D+print&gs_l=img#imgrc=FyHNcIZPYkM_XM
failed with url https://www.google.com/search?safe=off&site=&tbm=isch&source=hp&q=overextrusion&oq=overextrusion&gs_l=img#imgrc=b1RpqYFr7YZrEM
failed with url https://www.google.com/search?safe=off&site=&tbm=isch&source=hp&q=overextrusion+3D+print&oq=overextrusion+3D+print&gs_l=img#imgrc=zMhMgH6bDtbxBM
failed with url https://www.google.com/search?safe=off&site=&tbm=isch&source=hp&q=3D+print+overextrusion&oq=3D+print+overextrusion&gs_l=img#imgrc=DnkSpuarPuHFlM
failed with url https://www.google.com/search?safe=off&site=&tbm=isch&source=hp&q=overextrusion+error+3D+print&oq=overextrusion+error+3D+print&gs_l=img#imgrc=5Cew6UFGMXUl_M
failed with url https://www.google.com/search?safe=off&site=&tbm=isch&source=hp&q=3D+print+overextrusion&oq=3D+print+overextrusion&gs_l=img#imgrc=P6cuU0-02aeG5M
failed with url https://www.google.com/search?safe=off&site=&tbm=isch&source=hp&q=overextrusion&oq=overextrusion&gs_l=img#imgrc=Mhd1ceCo6htM1M
failed with url https://www.google.com/search?safe=off&site=&tbm=isch&source=hp&q=3D+print+overextrusion&oq=3D+print+overextrusion&gs_l=img#imgrc=h2MP4D4t1ZJiPM
failed with url https://www.google.com/search?safe=off&site=&tbm=isch&source=hp&q=overextrusion+error+3D+print&oq=overextrusion+error+3D+print&gs_l=img#imgrc=sj6LyrOjVkHdFM
failed with url https://www.google.com/search?safe=off&site=&tbm=isch&source=hp&q=overextrusion+error+3D+print&oq=overextrusion+error+3D+print&gs_l=img#imgrc=_NV1aesyGFx70M
failed with url https://www.google.com/search?safe=off&site=&tbm=isch&source=hp&q=overextrusion+3D+print&oq=overextrusion+3D+print&gs_l=img#imgrc=oOuAefWV7hU6EM
failed with url https://www.google.com/search?safe=off&site=&tbm=isch&source=hp&q=overextrusion+3D+print&oq=overextrusion+3D+print&gs_l=img#imgrc=kiXpWQ9-E79mvM
failed with url https://www.google.com/search?safe=off&site=&tbm=isch&source=hp&q=overextrusion+3D+print&oq=overextrusion+3D+print&gs_l=img#imgrc=jaGqcEWcAHNjPM
failed with url https://lh3.googleusercontent.com/proxy/t3ZHbI6XFsW_AqNuMaJ0Il5ZZGaqvzaRHtpEkFlxQ8NXuv6OfhiE0Xx61K4Qlg2yf4dEgPkT_QQLl2srEMyhH9_rwrGUUiv3O-xrBIt5lpmxTq7Awr4
failed with url https://www.google.com/search?safe=off&site=&tbm=isch&source=hp&q=overextrusion+3D+print&oq=overextrusion+3D+print&gs_l=img#imgrc=FyHNcIZPYkM_XM
failed with url https://www.google.com/search?safe=off&site=&tbm=isch&source=hp&q=overextrusion&oq=overextrusion&gs_l=img#imgrc=oX3kEmY2MJISyM
failed with url https://www.google.com/search?safe=off&site=&tbm=isch&source=hp&q=3D+print+overextrusion&oq=3D+print+overextrusion&gs_l=img#imgrc=ohFHwvWQgW6QLM
failed with url https://www.google.com/search?safe=off&site=&tbm=isch&source=hp&q=overextrusion+error+3D+print&oq=overextrusion+error+3D+print&gs_l=img#imgrc=zAUY5DhXT-WiUM
failed with url https://www.google.com/search?safe=off&site=&tbm=isch&source=hp&q=3D+print+overextrusion&oq=3D+print+overextrusion&gs_l=img#imgrc=hNEU_jhQUFf5KM
failed with url https://www.google.com/search?safe=off&site=&tbm=isch&source=hp&q=overextrusion+error+3D+print&oq=overextrusion+error+3D+print&gs_l=img#imgrc=38q7hLbjrjp9lM
failed with url https://www.google.com/search?safe=off&site=&tbm=isch&source=hp&q=overextrusion+3D+print&oq=overextrusion+3D+print&gs_l=img#imgrc=sMONmAeGjc-2EM
failed with url https://www.google.com/search?safe=off&site=&tbm=isch&source=hp&q=overextrusion+3D+print&oq=overextrusion+3D+print&gs_l=img#imgrc=DnkSpuarPuHFlM
failed with url https://www.google.com/search?safe=off&site=&tbm=isch&source=hp&q=overextrusion&oq=overextrusion&gs_l=img#imgrc=7wQqM0kFz05CfM
failed with url https://www.google.com/search?safe=off&site=&tbm=isch&source=hp&q=overextrusion&oq=overextrusion&gs_l=img#imgrc=J0HNtsXFp_qJyM
failed with url https://www.google.com/search?safe=off&site=&tbm=isch&source=hp&q=overextrusion+3D+print&oq=overextrusion+3D+print&gs_l=img#imgrc=Oouce5yKFAEveM
failed with url https://www.google.com/search?safe=off&site=&tbm=isch&source=hp&q=overextrusion+error+3D+print&oq=overextrusion+error+3D+print&gs_l=img#imgrc=mSTYbwm5PMV1NM
failed with url https://www.google.com/search?safe=off&site=&tbm=isch&source=hp&q=3D+print+overextrusion&oq=3D+print+overextrusion&gs_l=img#imgrc=Ciw5A79TVPPZjM
failed with url https://www.google.com/search?safe=off&site=&tbm=isch&source=hp&q=overextrusion&oq=overextrusion&gs_l=img#imgrc=bARza7jEhdojcM
failed with url https://www.google.com/search?safe=off&site=&tbm=isch&source=hp&q=overextrusion+error+3D+print&oq=overextrusion+error+3D+print&gs_l=img#imgrc=Ciw5A79TVPPZjM
failed with url https://www.google.com/search?safe=off&site=&tbm=isch&source=hp&q=overextrusion&oq=overextrusion&gs_l=img#imgrc=otXucB5Uplf1pM
failed with url https://www.google.com/search?safe=off&site=&tbm=isch&source=hp&q=overextrusion+3D+print&oq=overextrusion+3D+print&gs_l=img#imgrc=rdhG-q9rzhSLXM
failed with url https://www.google.com/search?safe=off&site=&tbm=isch&source=hp&q=overextrusion+error+3D+print&oq=overextrusion+error+3D+print&gs_l=img#imgrc=ol0X3j4oR3bN3M
failed with url https://www.google.com/search?safe=off&site=&tbm=isch&source=hp&q=overextrusion&oq=overextrusion&gs_l=img#imgrc=bmHo5N2NOAxiBM
failed with url https://www.google.com/search?safe=off&site=&tbm=isch&source=hp&q=overextrusion&oq=overextrusion&gs_l=img#imgrc=YTD4w--vW80skM
failed with url https://www.google.com/search?safe=off&site=&tbm=isch&source=hp&q=overextrusion+3D+print&oq=overextrusion+3D+print&gs_l=img#imgrc=kRd6_0gCaFDKuM
failed with url https://www.google.com/search?safe=off&site=&tbm=isch&source=hp&q=overextrusion&oq=overextrusion&gs_l=img#imgrc=CxwocFHtDd5-XM
failed with url https://www.google.com/search?safe=off&site=&tbm=isch&source=hp&q=overextrusion+3D+print&oq=overextrusion+3D+print&gs_l=img#imgrc=2WM-sGP5ZYTgrM
failed with url https://www.google.com/search?safe=off&site=&tbm=isch&source=hp&q=3D+print+overextrusion&oq=3D+print+overextrusion&gs_l=img#imgrc=sMONmAeGjc-2EM
failed with url https://www.google.com/search?safe=off&site=&tbm=isch&source=hp&q=overextrusion+error+3D+print&oq=overextrusion+error+3D+print&gs_l=img#imgrc=2I-DW_AqaxjB5M
failed with url https://www.google.com/search?safe=off&site=&tbm=isch&source=hp&q=overextrusion&oq=overextrusion&gs_l=img#imgrc=Xldi5xW3NlceUM
failed with url https://www.google.com/search?safe=off&site=&tbm=isch&source=hp&q=overextrusion&oq=overextrusion&gs_l=img#imgrc=FxqprKQGYwh4uM
failed with url https://www.google.com/search?safe=off&site=&tbm=isch&source=hp&q=3D+print+overextrusion&oq=3D+print+overextrusion&gs_l=img#imgrc=kHNXnMJAKgwuoM
failed with url https://www.google.com/search?safe=off&site=&tbm=isch&source=hp&q=overextrusion&oq=overextrusion&gs_l=img#imgrc=V_8JvWOqjB-w9M
failed with url https://www.google.com/search?safe=off&site=&tbm=isch&source=hp&q=overextrusion&oq=overextrusion&gs_l=img#imgrc=oOuAefWV7hU6EM
failed with url https://www.google.com/search?safe=off&site=&tbm=isch&source=hp&q=overextrusion+3D+print&oq=overextrusion+3D+print&gs_l=img#imgrc=WvdhcIB49XBPjM
failed with url https://www.google.com/search?safe=off&site=&tbm=isch&source=hp&q=overextrusion+error+3D+print&oq=overextrusion+error+3D+print&gs_l=img#imgrc=z3NKAfNQgQH2IM
failed with url https://www.google.com/search?safe=off&site=&tbm=isch&source=hp&q=overextrusion&oq=overextrusion&gs_l=img#imgrc=REHwjrh76EHl9M
failed with url https://www.google.com/search?safe=off&site=&tbm=isch&source=hp&q=overextrusion+error+3D+print&oq=overextrusion+error+3D+print&gs_l=img#imgrc=GLS4Z4nlytzi6M
failed with url https://www.google.com/search?safe=off&site=&tbm=isch&source=hp&q=overextrusion+error+3D+print&oq=overextrusion+error+3D+print&gs_l=img#imgrc=ihCPfL8vq8gQiM
failed with url https://www.google.com/search?safe=off&site=&tbm=isch&source=hp&q=overextrusion&oq=overextrusion&gs_l=img#imgrc=_RtOqjGSda_2jM
failed with url https://www.google.com/search?safe=off&site=&tbm=isch&source=hp&q=overextrusion&oq=overextrusion&gs_l=img#imgrc=YdeLYb5ptjjj5M
failed with url https://www.google.com/search?safe=off&site=&tbm=isch&source=hp&q=overextrusion+error+3D+print&oq=overextrusion+error+3D+print&gs_l=img#imgrc=_RtOqjGSda_2jM
failed with url https://www.google.com/search?safe=off&site=&tbm=isch&source=hp&q=overextrusion+3D+print&oq=overextrusion+3D+print&gs_l=img#imgrc=TdXouXLS4ms01M
failed with url https://www.google.com/search?safe=off&site=&tbm=isch&source=hp&q=3D+print+overextrusion&oq=3D+print+overextrusion&gs_l=img#imgrc=nEemMakHDnycDM
failed with url https://www.google.com/search?safe=off&site=&tbm=isch&source=hp&q=3D+print+overextrusion&oq=3D+print+overextrusion&gs_l=img#imgrc=YdeLYb5ptjjj5M
failed with url https://www.google.com/search?safe=off&site=&tbm=isch&source=hp&q=overextrusion+error+3D+print&oq=overextrusion+error+3D+print&gs_l=img#imgrc=LJE7uyMGEwYmKM
failed with url https://www.google.com/search?safe=off&site=&tbm=isch&source=hp&q=overextrusion+error+3D+print&oq=overextrusion+error+3D+print&gs_l=img#imgrc=J0HNtsXFp_qJyM
failed with url https://www.google.com/search?safe=off&site=&tbm=isch&source=hp&q=overextrusion+error+3D+print&oq=overextrusion+error+3D+print&gs_l=img#imgrc=WM91hvu2UfmGBM
failed with url https://www.google.com/search?safe=off&site=&tbm=isch&source=hp&q=overextrusion+error+3D+print&oq=overextrusion+error+3D+print&gs_l=img#imgrc=2WM-sGP5ZYTgrM
failed with url https://www.google.com/search?safe=off&site=&tbm=isch&source=hp&q=overextrusion&oq=overextrusion&gs_l=img#imgrc=h1p2TUKCZcfXUM
failed with url https://www.google.com/search?safe=off&site=&tbm=isch&source=hp&q=overextrusion+error+3D+print&oq=overextrusion+error+3D+print&gs_l=img#imgrc=JGkMeRUSoGOcYM
failed with url https://www.google.com/search?safe=off&site=&tbm=isch&source=hp&q=overextrusion&oq=overextrusion&gs_l=img#imgrc=RvygBqcbW6IbQM
failed with url https://www.google.com/search?safe=off&site=&tbm=isch&source=hp&q=overextrusion&oq=overextrusion&gs_l=img#imgrc=Ps0RXq0Z64poAM
failed with url https://www.google.com/search?safe=off&site=&tbm=isch&source=hp&q=overextrusion&oq=overextrusion&gs_l=img#imgrc=kiXpWQ9-E79mvM
failed with url https://www.google.com/search?safe=off&site=&tbm=isch&source=hp&q=overextrusion&oq=overextrusion&gs_l=img#imgrc=wws02fkIyFTHjM
failed with url https://lh3.googleusercontent.com/proxy/z3pkVscVVye5aHEGQ9if2fulJqx0759zC-QBy0G2GIiYjzdmdh5J5iSWm7Cz7hksVG0xytYNHMwtcNNhSQACOR-dgQl00sbPtjm882sFJaCW2zURnMSiII1GkKu8-YqDU-ZZOjZPkRLm5pnY3IQ8Tnko7bk
failed with url https://www.google.com/search?safe=off&site=&tbm=isch&source=hp&q=3D+print+overextrusion&oq=3D+print+overextrusion&gs_l=img#imgrc=2WM-sGP5ZYTgrM
failed with url https://www.google.com/search?safe=off&site=&tbm=isch&source=hp&q=3D+print+overextrusion&oq=3D+print+overextrusion&gs_l=img#imgrc=vFYdg1v4pHhfVM
failed with url https://www.google.com/search?safe=off&site=&tbm=isch&source=hp&q=overextrusion&oq=overextrusion&gs_l=img#imgrc=jycT66lMH5krGM
failed with url https://www.google.com/search?safe=off&site=&tbm=isch&source=hp&q=overextrusion+3D+print&oq=overextrusion+3D+print&gs_l=img#imgrc=vFYdg1v4pHhfVM
failed with url https://www.google.com/search?safe=off&site=&tbm=isch&source=hp&q=3D+print+overextrusion&oq=3D+print+overextrusion&gs_l=img#imgrc=sj6LyrOjVkHdFM
failed with url https://www.google.com/search?safe=off&site=&tbm=isch&source=hp&q=overextrusion+error+3D+print&oq=overextrusion+error+3D+print&gs_l=img#imgrc=ZL-2w-hEdexO1M
failed with url https://www.google.com/search?safe=off&site=&tbm=isch&source=hp&q=overextrusion&oq=overextrusion&gs_l=img#imgrc=hJOXAUPivi_vXM
failed with url https://www.google.com/search?safe=off&site=&tbm=isch&source=hp&q=overextrusion+3D+print&oq=overextrusion+3D+print&gs_l=img#imgrc=3-hOGnbCMerX2M
failed with url https://www.google.com/search?safe=off&site=&tbm=isch&source=hp&q=3D+print+overextrusion&oq=3D+print+overextrusion&gs_l=img#imgrc=OAvSW_0iGfQPhM
failed with url https://www.google.com/search?safe=off&site=&tbm=isch&source=hp&q=3D+print+overextrusion&oq=3D+print+overextrusion&gs_l=img#imgrc=RvygBqcbW6IbQM
failed with url https://www.google.com/search?safe=off&site=&tbm=isch&source=hp&q=overextrusion+error+3D+print&oq=overextrusion+error+3D+print&gs_l=img#imgrc=REHwjrh76EHl9M
failed with url https://www.google.com/search?safe=off&site=&tbm=isch&source=hp&q=overextrusion&oq=overextrusion&gs_l=img#imgrc=r11ftKwYbaAwUM
failed with url https://www.google.com/search?safe=off&site=&tbm=isch&source=hp&q=3D+print+overextrusion&oq=3D+print+overextrusion&gs_l=img#imgrc=HRoP3DP3qCuIGM
failed with url https://www.google.com/search?safe=off&site=&tbm=isch&source=hp&q=overextrusion+3D+print&oq=overextrusion+3D+print&gs_l=img#imgrc=SRW1j8-n5jfUCM
failed with url https://www.google.com/search?safe=off&site=&tbm=isch&source=hp&q=overextrusion+3D+print&oq=overextrusion+3D+print&gs_l=img#imgrc=RKgVDyyp7I6QgM
failed with url https://www.google.com/search?safe=off&site=&tbm=isch&source=hp&q=3D+print+overextrusion&oq=3D+print+overextrusion&gs_l=img#imgrc=_NV1aesyGFx70M
failed with url https://www.google.com/search?safe=off&site=&tbm=isch&source=hp&q=overextrusion+error+3D+print&oq=overextrusion+error+3D+print&gs_l=img#imgrc=hfmqaPEVWYOGBM
failed with url https://www.google.com/search?safe=off&site=&tbm=isch&source=hp&q=3D+print+overextrusion&oq=3D+print+overextrusion&gs_l=img#imgrc=_RtOqjGSda_2jM
failed with url https://www.google.com/search?safe=off&site=&tbm=isch&source=hp&q=overextrusion+error+3D+print&oq=overextrusion+error+3D+print&gs_l=img#imgrc=jycT66lMH5krGM
failed with url https://www.google.com/search?safe=off&site=&tbm=isch&source=hp&q=overextrusion+3D+print&oq=overextrusion+3D+print&gs_l=img#imgrc=JyjtBTTARxW4-M
failed with url https://www.google.com/search?safe=off&site=&tbm=isch&source=hp&q=overextrusion+3D+print&oq=overextrusion+3D+print&gs_l=img#imgrc=Ps0RXq0Z64poAM
failed with url https://www.google.com/search?safe=off&site=&tbm=isch&source=hp&q=overextrusion&oq=overextrusion&gs_l=img#imgrc=gKl3ouEHH0wIQM
failed with url https://www.google.com/search?safe=off&site=&tbm=isch&source=hp&q=3D+print+overextrusion&oq=3D+print+overextrusion&gs_l=img#imgrc=FyHNcIZPYkM_XM
failed with url https://www.google.com/search?safe=off&site=&tbm=isch&source=hp&q=overextrusion+error+3D+print&oq=overextrusion+error+3D+print&gs_l=img#imgrc=GVIpE4cR1vVgpM
failed with url https://www.google.com/search?safe=off&site=&tbm=isch&source=hp&q=overextrusion&oq=overextrusion&gs_l=img#imgrc=ol0X3j4oR3bN3M
failed with url https://www.google.com/search?safe=off&site=&tbm=isch&source=hp&q=overextrusion&oq=overextrusion&gs_l=img#imgrc=IQ3421yNl5MTyM
failed with url https://www.google.com/search?safe=off&site=&tbm=isch&source=hp&q=overextrusion+error+3D+print&oq=overextrusion+error+3D+print&gs_l=img#imgrc=Oouce5yKFAEveM
failed with url https://www.google.com/search?safe=off&site=&tbm=isch&source=hp&q=overextrusion+3D+print&oq=overextrusion+3D+print&gs_l=img#imgrc=xxmDbck2HQ-RTM
failed with url https://lh3.googleusercontent.com/proxy/xUYC9Fe9AO4ghSsNjakKMWFizwxYrCqrj0nC7qRElIItXgS1Gmdz7zgxeF_exwGZa4OVRHAOAlURGzyn8ednrnY9Om6uDr-CS9omCeYy2XFWNZHlDQ8_rxwoBkfRNw6FCYnr9tEs3AZ-kBF16u59S-0WImc
failed with url https://www.google.com/search?safe=off&site=&tbm=isch&source=hp&q=overextrusion+error+3D+print&oq=overextrusion+error+3D+print&gs_l=img#imgrc=Ps0RXq0Z64poAM
failed with url https://www.google.com/search?safe=off&site=&tbm=isch&source=hp&q=overextrusion&oq=overextrusion&gs_l=img#imgrc=sMONmAeGjc-2EM
failed with url https://www.google.com/search?safe=off&site=&tbm=isch&source=hp&q=overextrusion+3D+print&oq=overextrusion+3D+print&gs_l=img#imgrc=otXucB5Uplf1pM
failed with url https://www.google.com/search?safe=off&site=&tbm=isch&source=hp&q=overextrusion&oq=overextrusion&gs_l=img#imgrc=NGA2k9Dv4pQxiM
failed with url https://www.google.com/search?safe=off&site=&tbm=isch&source=hp&q=overextrusion&oq=overextrusion&gs_l=img#imgrc=qDdp46sPKvlBIM
failed with url https://www.google.com/search?safe=off&site=&tbm=isch&source=hp&q=overextrusion&oq=overextrusion&gs_l=img#imgrc=SRW1j8-n5jfUCM
failed with url https://www.google.com/search?safe=off&site=&tbm=isch&source=hp&q=overextrusion&oq=overextrusion&gs_l=img#imgrc=kM94crSoHKhBvM
failed with url https://www.google.com/search?safe=off&site=&tbm=isch&source=hp&q=overextrusion+error+3D+print&oq=overextrusion+error+3D+print&gs_l=img#imgrc=erYvW5LZCxPNJM
failed with url https://www.google.com/search?safe=off&site=&tbm=isch&source=hp&q=overextrusion&oq=overextrusion&gs_l=img#imgrc=lieS8gnJhcuJ1M
failed with url https://www.google.com/search?safe=off&site=&tbm=isch&source=hp&q=3D+print+overextrusion&oq=3D+print+overextrusion&gs_l=img#imgrc=6PtUvTY4TS3GUM
failed with url https://www.google.com/search?safe=off&site=&tbm=isch&source=hp&q=overextrusion&oq=overextrusion&gs_l=img#imgrc=5p7EsBxtdh5JXM
failed with url https://www.google.com/search?safe=off&site=&tbm=isch&source=hp&q=overextrusion&oq=overextrusion&gs_l=img#imgrc=UYBLQ2xHwl612M
failed with url https://www.google.com/search?safe=off&site=&tbm=isch&source=hp&q=overextrusion&oq=overextrusion&gs_l=img#imgrc=HUjorHmTuzE2RM
failed with url https://www.google.com/search?safe=off&site=&tbm=isch&source=hp&q=overextrusion+3D+print&oq=overextrusion+3D+print&gs_l=img#imgrc=erYvW5LZCxPNJM
failed with url https://www.google.com/search?safe=off&site=&tbm=isch&source=hp&q=overextrusion+3D+print&oq=overextrusion+3D+print&gs_l=img#imgrc=sj6LyrOjVkHdFM
failed with url https://www.google.com/search?safe=off&site=&tbm=isch&source=hp&q=3D+print+overextrusion&oq=3D+print+overextrusion&gs_l=img#imgrc=eruIvpf7k9v3JM
failed with url https://www.google.com/search?safe=off&site=&tbm=isch&source=hp&q=overextrusion+error+3D+print&oq=overextrusion+error+3D+print&gs_l=img#imgrc=h2MP4D4t1ZJiPM
failed with url https://www.google.com/search?safe=off&site=&tbm=isch&source=hp&q=overextrusion+3D+print&oq=overextrusion+3D+print&gs_l=img#imgrc=VlUUc9CXgJITIM
failed with url https://www.google.com/search?safe=off&site=&tbm=isch&source=hp&q=overextrusion+error+3D+print&oq=overextrusion+error+3D+print&gs_l=img#imgrc=oOuAefWV7hU6EM
failed with url https://www.google.com/search?safe=off&site=&tbm=isch&source=hp&q=overextrusion+3D+print&oq=overextrusion+3D+print&gs_l=img#imgrc=kHNXnMJAKgwuoM
failed with url https://www.google.com/search?safe=off&site=&tbm=isch&source=hp&q=overextrusion+3D+print&oq=overextrusion+3D+print&gs_l=img#imgrc=iwgVVh5OeUL4UM
failed with url https://www.google.com/search?safe=off&site=&tbm=isch&source=hp&q=overextrusion+error+3D+print&oq=overextrusion+error+3D+print&gs_l=img#imgrc=VlUUc9CXgJITIM
failed with url https://www.google.com/search?safe=off&site=&tbm=isch&source=hp&q=3D+print+overextrusion&oq=3D+print+overextrusion&gs_l=img#imgrc=sF3XgfbK8dphzM
failed with url https://www.google.com/search?safe=off&site=&tbm=isch&source=hp&q=3D+print+overextrusion&oq=3D+print+overextrusion&gs_l=img#imgrc=YTD4w--vW80skM
failed with url https://www.google.com/search?safe=off&site=&tbm=isch&source=hp&q=3D+print+overextrusion&oq=3D+print+overextrusion&gs_l=img#imgrc=lieS8gnJhcuJ1M
failed with url https://www.google.com/search?safe=off&site=&tbm=isch&source=hp&q=3D+print+overextrusion&oq=3D+print+overextrusion&gs_l=img#imgrc=s22OKGjJKdJ9XM
failed with url https://www.google.com/search?safe=off&site=&tbm=isch&source=hp&q=overextrusion+error+3D+print&oq=overextrusion+error+3D+print&gs_l=img#imgrc=O5ljCw9p5yCx2M
failed with url https://www.google.com/search?safe=off&site=&tbm=isch&source=hp&q=3D+print+overextrusion&oq=3D+print+overextrusion&gs_l=img#imgrc=HUjorHmTuzE2RM
failed with url https://www.google.com/search?safe=off&site=&tbm=isch&source=hp&q=overextrusion+error+3D+print&oq=overextrusion+error+3D+print&gs_l=img#imgrc=AT4w6P9GkghdmM
failed with url https://www.google.com/search?safe=off&site=&tbm=isch&source=hp&q=overextrusion&oq=overextrusion&gs_l=img#imgrc=szGEgg9jw2X6tM
failed with url https://www.google.com/search?safe=off&site=&tbm=isch&source=hp&q=overextrusion&oq=overextrusion&gs_l=img#imgrc=_RuougJ3QWYXsM
failed with url https://www.google.com/search?safe=off&site=&tbm=isch&source=hp&q=overextrusion+3D+print&oq=overextrusion+3D+print&gs_l=img#imgrc=ol0X3j4oR3bN3M
failed with url https://www.google.com/search?safe=off&site=&tbm=isch&source=hp&q=overextrusion+3D+print&oq=overextrusion+3D+print&gs_l=img#imgrc=_NV1aesyGFx70M
failed with url https://www.google.com/search?safe=off&site=&tbm=isch&source=hp&q=3D+print+overextrusion&oq=3D+print+overextrusion&gs_l=img#imgrc=Qri8CswNBp81IM
failed with url https://www.google.com/search?safe=off&site=&tbm=isch&source=hp&q=overextrusion&oq=overextrusion&gs_l=img#imgrc=kRd6_0gCaFDKuM
failed with url https://www.google.com/search?safe=off&site=&tbm=isch&source=hp&q=overextrusion+error+3D+print&oq=overextrusion+error+3D+print&gs_l=img#imgrc=ncrMYVizVqdevM
failed with url https://www.google.com/search?safe=off&site=&tbm=isch&source=hp&q=overextrusion&oq=overextrusion&gs_l=img#imgrc=VKsHEydkaSkc9M
failed with url https://www.google.com/search?safe=off&site=&tbm=isch&source=hp&q=3D+print+overextrusion&oq=3D+print+overextrusion&gs_l=img#imgrc=ol0X3j4oR3bN3M
failed with url https://www.google.com/search?safe=off&site=&tbm=isch&source=hp&q=overextrusion&oq=overextrusion&gs_l=img#imgrc=xUGs7RSrsHHMdM
failed with url https://www.google.com/search?safe=off&site=&tbm=isch&source=hp&q=overextrusion&oq=overextrusion&gs_l=img#imgrc=NXBLbYs5u6ZPgM
failed with url https://www.google.com/search?safe=off&site=&tbm=isch&source=hp&q=overextrusion+error+3D+print&oq=overextrusion+error+3D+print&gs_l=img#imgrc=t_YviFDUS6uCAM
failed with url https://www.google.com/search?safe=off&site=&tbm=isch&source=hp&q=overextrusion+3D+print&oq=overextrusion+3D+print&gs_l=img#imgrc=WM91hvu2UfmGBM
failed with url https://www.google.com/search?safe=off&site=&tbm=isch&source=hp&q=3D+print+overextrusion&oq=3D+print+overextrusion&gs_l=img#imgrc=oOuAefWV7hU6EM
failed with url https://www.google.com/search?safe=off&site=&tbm=isch&source=hp&q=overextrusion&oq=overextrusion&gs_l=img#imgrc=t_YviFDUS6uCAM
failed with url https://www.google.com/search?safe=off&site=&tbm=isch&source=hp&q=overextrusion+error+3D+print&oq=overextrusion+error+3D+print&gs_l=img#imgrc=ShAXp7ZtKcPDGM
failed with url https://www.google.com/search?safe=off&site=&tbm=isch&source=hp&q=overextrusion+error+3D+print&oq=overextrusion+error+3D+print&gs_l=img#imgrc=CxwocFHtDd5-XM
failed with url https://www.google.com/search?safe=off&site=&tbm=isch&source=hp&q=overextrusion&oq=overextrusion&gs_l=img#imgrc=w--Vn7l9FWP7bM
failed with url https://www.google.com/search?safe=off&site=&tbm=isch&source=hp&q=overextrusion&oq=overextrusion&gs_l=img#imgrc=sF3XgfbK8dphzM
failed with url https://www.google.com/search?safe=off&site=&tbm=isch&source=hp&q=overextrusion&oq=overextrusion&gs_l=img#imgrc=OAvSW_0iGfQPhM

